<html>
<body>
<pre>
<h1>µVision Build Log</h1>
<h2>Project:</h2>
C:\Users\lukasz\Desktop\AGH\7_SEMESTR\ARMY\LukaszUszkoARMCurrent\TRANSMIT\transmit6\transmition.uvproj
Project File Date:  11/25/2013

<h2>Output:</h2>
Build target 'Target 1'
compiling command_decoder.c...
compiling main.c...
main.c(54): warning:  #167-D: argument of type "char *" is incompatible with parameter of type "unsigned char *"
main.c(59): warning:  #167-D: argument of type "char *" is incompatible with parameter of type "unsigned char *"
main.c(69): warning:  #167-D: argument of type "char *" is incompatible with parameter of type "unsigned char *"
linking...
.\transmition.axf: Error: L6218E: Undefined symbol WatchAreMinutesChanged (referred from main.o).
.\transmition.axf: Error: L6218E: Undefined symbol WatchAreSecondsChanged (referred from main.o).
.\transmition.axf: Error: L6218E: Undefined symbol WatchGetMinutes (referred from main.o).
.\transmition.axf: Error: L6218E: Undefined symbol WatchGetSeconds (referred from main.o).
.\transmition.axf: Error: L6218E: Undefined symbol WatchInit (referred from main.o).
".\transmition.axf" - 5 Errors, 3 Warning(s).
Target not created
Rebuild target 'Target 1'
assembling Startup.s...
compiling command_decoder.c...
compiling keyboard.c...
compiling led.c...
compiling main.c...
main.c(54): warning:  #167-D: argument of type "char *" is incompatible with parameter of type "unsigned char *"
main.c(59): warning:  #167-D: argument of type "char *" is incompatible with parameter of type "unsigned char *"
main.c(69): warning:  #167-D: argument of type "char *" is incompatible with parameter of type "unsigned char *"
compiling servo.c...
compiling string.c...
compiling timer_interrupts.c...
compiling uart.c...
linking...
.\transmition.axf: Error: L6218E: Undefined symbol WatchAreMinutesChanged (referred from main.o).
.\transmition.axf: Error: L6218E: Undefined symbol WatchAreSecondsChanged (referred from main.o).
.\transmition.axf: Error: L6218E: Undefined symbol WatchGetMinutes (referred from main.o).
.\transmition.axf: Error: L6218E: Undefined symbol WatchGetSeconds (referred from main.o).
.\transmition.axf: Error: L6218E: Undefined symbol WatchInit (referred from main.o).
".\transmition.axf" - 5 Errors, 3 Warning(s).
Target not created
Rebuild target 'Target 1'
assembling Startup.s...
compiling command_decoder.c...
compiling keyboard.c...
compiling led.c...
compiling main.c...
main.c(54): warning:  #167-D: argument of type "char *" is incompatible with parameter of type "unsigned char *"
main.c(59): warning:  #167-D: argument of type "char *" is incompatible with parameter of type "unsigned char *"
main.c(69): warning:  #167-D: argument of type "char *" is incompatible with parameter of type "unsigned char *"
compiling servo.c...
compiling string.c...
compiling timer_interrupts.c...
compiling uart.c...
compiling watch.c...
watch.c(19): warning:  #1565-D: white space between backslash and newline in line splice ignored
linking...
Program Size: Code=4280 RO-data=84 RW-data=52 ZI-data=1484  
FromELF: creating hex file...
".\transmition.axf" - 0 Errors, 4 Warning(s).
Build target 'Target 1'
compiling watch.c...
watch.c(19): warning:  #1565-D: white space between backslash and newline in line splice ignored
linking...
Program Size: Code=4280 RO-data=84 RW-data=52 ZI-data=1484  
FromELF: creating hex file...
".\transmition.axf" - 0 Errors, 1 Warning(s).
