<html>
<body>
<pre>
<h1>µVision Build Log</h1>
<h2>Project:</h2>
C:\Users\lukasz\Desktop\ARMY\LukaszUszkoARMCurrent\DEKODOWANIE\dekod3\dekod3.uvproj
Project File Date:  11/23/2013

<h2>Output:</h2>
Build target 'Target 1'
compiling main.c...
main.c(37): warning:  #1-D: last line of file ends without a newline
compiling command_decoder.c...
linking...
Program Size: Code=4100 RO-data=32 RW-data=36 ZI-data=1388  
FromELF: creating hex file...
".\dekod3.axf" - 0 Errors, 1 Warning(s).
Build target 'Target 1'
compiling main.c...
command_decoder.h(33): warning:  #1-D: last line of file ends without a newline
main.c(37): warning:  #1-D: last line of file ends without a newline
compiling command_decoder.c...
command_decoder.h(33): warning:  #1-D: last line of file ends without a newline
linking...
Program Size: Code=4100 RO-data=32 RW-data=36 ZI-data=1388  
FromELF: creating hex file...
".\dekod3.axf" - 0 Errors, 3 Warning(s).
Build target 'Target 1'
linking...
Program Size: Code=4100 RO-data=32 RW-data=36 ZI-data=1388  
FromELF: creating hex file...
".\dekod3.axf" - 0 Errors, 0 Warning(s).
Build target 'Target 1'
linking...
Program Size: Code=4100 RO-data=32 RW-data=36 ZI-data=1388  
FromELF: creating hex file...
".\dekod3.axf" - 0 Errors, 0 Warning(s).
Build target 'Target 1'
linking...
Program Size: Code=4100 RO-data=32 RW-data=36 ZI-data=1388  
FromELF: creating hex file...
".\dekod3.axf" - 0 Errors, 0 Warning(s).
Build target 'Target 1'
compiling main.c...
main.c(37): warning:  #1-D: last line of file ends without a newline
compiling command_decoder.c...
linking...
Program Size: Code=4100 RO-data=32 RW-data=36 ZI-data=1388  
FromELF: creating hex file...
".\dekod3.axf" - 0 Errors, 1 Warning(s).
