<html>
<body>
<pre>
<h1>µVision Build Log</h1>
<h2>Project:</h2>
H:\Users\student\Desktop\arm-agh-2013-master\arm-agh-2013-master\SERIAL_INTERFACES\SPI_Advanced\DAC_MCP4921\SPI.uvproj
Project File Date:  12/04/2014

<h2>Output:</h2>
Build target 'Target 1'
linking...
Program Size: Code=4268 RO-data=32 RW-data=40 ZI-data=1520  
FromELF: creating hex file...
".\SPI.axf" - 0 Errors, 0 Warning(s).
Build target 'Target 1'
compiling spi.c...
linking...
Program Size: Code=4216 RO-data=32 RW-data=40 ZI-data=1520  
FromELF: creating hex file...
".\SPI.axf" - 0 Errors, 0 Warning(s).
Build target 'Target 1'
compiling main.c...
main.c(52): warning:  #111-D: statement is unreachable
compiling spi.c...
compiling dacMcp4921.c...
linking...
Program Size: Code=4216 RO-data=32 RW-data=40 ZI-data=1520  
FromELF: creating hex file...
".\SPI.axf" - 0 Errors, 1 Warning(s).
Build target 'Target 1'
compiling spi.c...
compiling dacMcp4921.c...
linking...
Program Size: Code=4268 RO-data=32 RW-data=40 ZI-data=1520  
FromELF: creating hex file...
".\SPI.axf" - 0 Errors, 0 Warning(s).
