<html>
<body>
<pre>
<h1>µVision Build Log</h1>
<h2>Project:</h2>
C:\Users\lukasz\Desktop\AGH\7_SEMESTR\ARMY\LukaszUszkoARMCurrent\TRANSMIT\transmit5\transmition.uvproj
Project File Date:  11/25/2013

<h2>Output:</h2>
Build target 'Target 1'
compiling main.c...
main.c(54): warning:  #167-D: argument of type "char *" is incompatible with parameter of type "unsigned char *"
linking...
Program Size: Code=2740 RO-data=52 RW-data=8 ZI-data=1464  
FromELF: creating hex file...
".\transmition.axf" - 0 Errors, 1 Warning(s).
Build target 'Target 1'
compiling main.c...
main.c(54): warning:  #167-D: argument of type "char *" is incompatible with parameter of type "unsigned char *"
compiling watch.c...
watch.h(1): warning:  #1-D: last line of file ends without a newline
watch.c(34): error:  #29: expected an expression
watch.c(38): warning:  #1-D: last line of file ends without a newline
watch.c(23): warning:  #550-D: variable "sWatch" was set but never used
watch.c(26): warning:  #177-D: function "WatchUpdate" was declared but never referenced
".\transmition.axf" - 1 Errors, 5 Warning(s).
Target not created
Build target 'Target 1'
compiling watch.c...
watch.h(1): warning:  #1-D: last line of file ends without a newline
watch.c(34): error:  #29: expected an expression
watch.c(23): warning:  #550-D: variable "sWatch" was set but never used
watch.c(26): warning:  #177-D: function "WatchUpdate" was declared but never referenced
".\transmition.axf" - 1 Errors, 3 Warning(s).
Target not created
Build target 'Target 1'
compiling watch.c...
watch.h(1): warning:  #1-D: last line of file ends without a newline
watch.c(34): error:  #29: expected an expression
watch.c(23): warning:  #550-D: variable "sWatch" was set but never used
watch.c(26): warning:  #177-D: function "WatchUpdate" was declared but never referenced
".\transmition.axf" - 1 Errors, 3 Warning(s).
Target not created
Build target 'Target 1'
compiling watch.c...
watch.h(1): warning:  #1-D: last line of file ends without a newline
watch.c(34): error:  #20: identifier "INIT_WATCH_STRUCT" is undefined
watch.c(23): warning:  #550-D: variable "sWatch" was set but never used
watch.c(26): warning:  #177-D: function "WatchUpdate" was declared but never referenced
".\transmition.axf" - 1 Errors, 3 Warning(s).
Target not created
Build target 'Target 1'
compiling watch.c...
watch.h(1): warning:  #1-D: last line of file ends without a newline
watch.c(34): error:  #29: expected an expression
watch.c(23): warning:  #550-D: variable "sWatch" was set but never used
watch.c(26): warning:  #177-D: function "WatchUpdate" was declared but never referenced
".\transmition.axf" - 1 Errors, 3 Warning(s).
Target not created
Build target 'Target 1'
compiling watch.c...
watch.h(1): warning:  #1-D: last line of file ends without a newline
watch.c(6): warning:  #1565-D: white space between backslash and newline in line splice ignored
watch.c(36): warning:  #223-D: function "INIT_WATCH_STRUCT" declared implicitly
watch.c(36): error:  #513: a value of type "int" cannot be assigned to an entity of type "Watch"
watch.c(25): warning:  #550-D: variable "sWatch" was set but never used
watch.c(28): warning:  #177-D: function "WatchUpdate" was declared but never referenced
".\transmition.axf" - 1 Errors, 5 Warning(s).
Target not created
Rebuild target 'Target 1'
assembling Startup.s...
compiling command_decoder.c...
compiling keyboard.c...
compiling led.c...
compiling main.c...
main.c(54): warning:  #167-D: argument of type "char *" is incompatible with parameter of type "unsigned char *"
compiling servo.c...
compiling string.c...
compiling timer_interrupts.c...
compiling uart.c...
compiling watch.c...
watch.h(1): warning:  #1-D: last line of file ends without a newline
watch.c(6): warning:  #1565-D: white space between backslash and newline in line splice ignored
watch.c(36): error:  #29: expected an expression
watch.c(25): warning:  #550-D: variable "sWatch" was set but never used
watch.c(28): warning:  #177-D: function "WatchUpdate" was declared but never referenced
".\transmition.axf" - 1 Errors, 5 Warning(s).
Target not created
Rebuild target 'Target 1'
assembling Startup.s...
compiling command_decoder.c...
compiling keyboard.c...
compiling led.c...
compiling main.c...
main.c(54): warning:  #167-D: argument of type "char *" is incompatible with parameter of type "unsigned char *"
compiling servo.c...
compiling string.c...
compiling timer_interrupts.c...
compiling uart.c...
compiling watch.c...
watch.h(1): warning:  #1-D: last line of file ends without a newline
watch.c(19): warning:  #1565-D: white space between backslash and newline in line splice ignored
watch.c(26): error:  #20: identifier "ucMinutes" is undefined
watch.c(26): error:  #57: this operator is not allowed in a constant expression
watch.c(26): error:  #67: expected a "}"
watch.c(27): warning:  #77-D: this declaration has no storage class or type specifier
watch.c(28): warning:  #77-D: this declaration has no storage class or type specifier
watch.c(29): warning:  #77-D: this declaration has no storage class or type specifier
watch.c(30): error:  #169: expected a declaration
watch.c(33): warning:  #12-D: parsing restarts here after previous syntax error
watch.c(36): warning:  #177-D: function "WatchUpdate" was declared but never referenced
".\transmition.axf" - 4 Errors, 8 Warning(s).
Target not created
Build target 'Target 1'
compiling watch.c...
watch.h(1): warning:  #1-D: last line of file ends without a newline
watch.c(19): warning:  #1565-D: white space between backslash and newline in line splice ignored
watch.c(33): warning:  #177-D: variable "sWatch" was declared but never referenced
watch.c(36): warning:  #177-D: function "WatchUpdate" was declared but never referenced
linking...
Program Size: Code=2740 RO-data=52 RW-data=8 ZI-data=1464  
FromELF: creating hex file...
".\transmition.axf" - 0 Errors, 4 Warning(s).
Build target 'Target 1'
compiling watch.c...
watch.h(1): warning:  #1-D: last line of file ends without a newline
watch.c(19): warning:  #1565-D: white space between backslash and newline in line splice ignored
watch.c(44): error:  #29: expected an expression
watch.c(44): error:  #137-D: expression must be a modifiable lvalue
watch.c(33): warning:  #550-D: variable "sWatch" was set but never used
watch.c(36): warning:  #177-D: function "WatchUpdate" was declared but never referenced
".\transmition.axf" - 2 Errors, 4 Warning(s).
Target not created
Rebuild target 'Target 1'
assembling Startup.s...
compiling command_decoder.c...
compiling keyboard.c...
compiling led.c...
compiling main.c...
main.c(54): warning:  #167-D: argument of type "char *" is incompatible with parameter of type "unsigned char *"
compiling servo.c...
compiling string.c...
compiling timer_interrupts.c...
compiling uart.c...
compiling watch.c...
watch.h(1): warning:  #1-D: last line of file ends without a newline
watch.c(19): warning:  #1565-D: white space between backslash and newline in line splice ignored
watch.c(33): warning:  #550-D: variable "sWatch" was set but never used
watch.c(36): warning:  #177-D: function "WatchUpdate" was declared but never referenced
linking...
Program Size: Code=2740 RO-data=52 RW-data=8 ZI-data=1464  
FromELF: creating hex file...
".\transmition.axf" - 0 Errors, 5 Warning(s).
Build target 'Target 1'
compiling watch.c...
watch.h(1): error:  #5: cannot open source input file "stdlib": No such file or directory
".\transmition.axf" - 1 Errors, 0 Warning(s).
Target not created
Build target 'Target 1'
compiling watch.c...
watch.h(6): error:  #20: identifier "bool" is undefined
watch.h(7): error:  #20: identifier "bool" is undefined
watch.c(13): error:  #20: identifier "bool" is undefined
watch.c(14): error:  #20: identifier "bool" is undefined
watch.c(19): warning:  #1565-D: white space between backslash and newline in line splice ignored
watch.c(61): error:  #20: identifier "bool" is undefined
watch.c(65): error:  #20: identifier "bool" is undefined
".\transmition.axf" - 6 Errors, 1 Warning(s).
Target not created
Build target 'Target 1'
compiling watch.c...
watch.h(6): error:  #20: identifier "bool" is undefined
watch.h(7): error:  #20: identifier "bool" is undefined
watch.c(13): error:  #20: identifier "bool" is undefined
watch.c(14): error:  #20: identifier "bool" is undefined
watch.c(19): warning:  #1565-D: white space between backslash and newline in line splice ignored
watch.c(61): error:  #20: identifier "bool" is undefined
watch.c(65): error:  #20: identifier "bool" is undefined
".\transmition.axf" - 6 Errors, 1 Warning(s).
Target not created
Build target 'Target 1'
compiling watch.c...
watch.c(19): warning:  #1565-D: white space between backslash and newline in line splice ignored
linking...
Program Size: Code=2740 RO-data=52 RW-data=8 ZI-data=1464  
FromELF: creating hex file...
".\transmition.axf" - 0 Errors, 1 Warning(s).
Build target 'Target 1'
compiling main.c...
main.c(57): warning:  #167-D: argument of type "char *" is incompatible with parameter of type "unsigned char *"
main.c(62): warning:  #167-D: argument of type "char *" is incompatible with parameter of type "unsigned char *"
main.c(10): warning:  #177-D: variable "uiCounterValue" was declared but never referenced
compiling watch.c...
watch.c(19): warning:  #1565-D: white space between backslash and newline in line splice ignored
linking...
Program Size: Code=3520 RO-data=68 RW-data=12 ZI-data=1468  
FromELF: creating hex file...
".\transmition.axf" - 0 Errors, 4 Warning(s).
Build target 'Target 1'
compiling main.c...
main.c(56): warning:  #167-D: argument of type "char *" is incompatible with parameter of type "unsigned char *"
main.c(61): warning:  #167-D: argument of type "char *" is incompatible with parameter of type "unsigned char *"
compiling watch.c...
watch.c(19): warning:  #1565-D: white space between backslash and newline in line splice ignored
linking...
Program Size: Code=3520 RO-data=68 RW-data=12 ZI-data=1468  
FromELF: creating hex file...
".\transmition.axf" - 0 Errors, 3 Warning(s).
Build target 'Target 1'
compiling watch.c...
watch.c(19): warning:  #1565-D: white space between backslash and newline in line splice ignored
linking...
Program Size: Code=3516 RO-data=68 RW-data=12 ZI-data=1468  
FromELF: creating hex file...
".\transmition.axf" - 0 Errors, 1 Warning(s).
Build target 'Target 1'
compiling watch.c...
watch.c(19): warning:  #1565-D: white space between backslash and newline in line splice ignored
linking...
Program Size: Code=3520 RO-data=68 RW-data=12 ZI-data=1468  
FromELF: creating hex file...
".\transmition.axf" - 0 Errors, 1 Warning(s).
Build target 'Target 1'
compiling main.c...
main.c(56): warning:  #167-D: argument of type "char *" is incompatible with parameter of type "unsigned char *"
main.c(61): warning:  #167-D: argument of type "char *" is incompatible with parameter of type "unsigned char *"
compiling watch.c...
watch.c(19): warning:  #1565-D: white space between backslash and newline in line splice ignored
linking...
Program Size: Code=3520 RO-data=68 RW-data=12 ZI-data=1468  
FromELF: creating hex file...
".\transmition.axf" - 0 Errors, 3 Warning(s).
Build target 'Target 1'
compiling watch.c...
watch.c(19): warning:  #1565-D: white space between backslash and newline in line splice ignored
linking...
Program Size: Code=3520 RO-data=68 RW-data=12 ZI-data=1468  
FromELF: creating hex file...
".\transmition.axf" - 0 Errors, 1 Warning(s).
Build target 'Target 1'
compiling watch.c...
watch.c(19): warning:  #1565-D: white space between backslash and newline in line splice ignored
linking...
Program Size: Code=3520 RO-data=68 RW-data=12 ZI-data=1468  
FromELF: creating hex file...
".\transmition.axf" - 0 Errors, 1 Warning(s).
Build target 'Target 1'
compiling watch.c...
watch.c(19): warning:  #1565-D: white space between backslash and newline in line splice ignored
linking...
Program Size: Code=3520 RO-data=68 RW-data=12 ZI-data=1468  
FromELF: creating hex file...
".\transmition.axf" - 0 Errors, 1 Warning(s).
