<html>
<body>
<pre>
<h1>µVision Build Log</h1>
<h2>Project:</h2>
H:\Users\student\Desktop\arm-agh-2013-master\arm-agh-2013-master\TRANSMIT\transmit5\transmition.uvproj
Project File Date:  11/27/2014

<h2>Output:</h2>
Build target 'Target 1'
compiling main.c...
main.c(56): warning:  #167-D: argument of type "char *" is incompatible with parameter of type "unsigned char *"
main.c(61): warning:  #167-D: argument of type "char *" is incompatible with parameter of type "unsigned char *"
linking...
Program Size: Code=3520 RO-data=68 RW-data=12 ZI-data=1468  
FromELF: creating hex file...
".\transmition.axf" - 0 Errors, 2 Warning(s).
Build target 'Target 1'
compiling watch.c...
watch.c(19): warning:  #1565-D: white space between backslash and newline in line splice ignored
linking...
Program Size: Code=3520 RO-data=68 RW-data=12 ZI-data=1468  
FromELF: creating hex file...
".\transmition.axf" - 0 Errors, 1 Warning(s).
