<html>
<body>
<pre>
<h1>µVision Build Log</h1>
<h2>Project:</h2>
C:\Users\lukasz\Desktop\AGH\7_SEMESTR\ARMY\LukaszUszkoARMCurrent\SERIAL_INTERFACES\SPI_Advanced\SPI.uvproj
Project File Date:  10/15/2014

<h2>Output:</h2>
compiling spi.c...
"spi.c" - 0 Errors, 0 Warning(s).
Build target 'Target 1'
compiling spi.c...
spi.c(77): error:  #141-D: unnamed prototyped parameters not allowed when body is present
spi.c(80): error:  #141-D: unnamed prototyped parameters not allowed when body is present
".\SPI.axf" - 2 Errors, 0 Warning(s).
Target not created
Build target 'Target 1'
compiling main.c...
spi.h(24): warning:  #1-D: last line of file ends without a newline
main.c(25): warning:  #223-D: function "DAC_MCP4921_Set" declared implicitly
main.c(34): warning:  #111-D: statement is unreachable
compiling spi.c...
spi.h(24): warning:  #1-D: last line of file ends without a newline
spi.c(47): warning:  #177-D: function "DAC_MCP4921_Set" was declared but never referenced
compiling timer_interrupts.c...
linking...
.\SPI.axf: Error: L6218E: Undefined symbol DAC_MCP4921_Set (referred from main.o).
".\SPI.axf" - 1 Errors, 5 Warning(s).
Target not created
Build target 'Target 1'
compiling main.c...
spi.h(24): warning:  #1-D: last line of file ends without a newline
main.c(12): warning:  #550-D: variable "uiAdcValue" was set but never used
main.c(34): warning:  #111-D: statement is unreachable
linking...
Program Size: Code=1144 RO-data=32 RW-data=12 ZI-data=1260  
FromELF: creating hex file...
".\SPI.axf" - 0 Errors, 3 Warning(s).
Build target 'Target 1'
compiling main.c...
spi.h(24): warning:  #1-D: last line of file ends without a newline
main.c(12): warning:  #550-D: variable "uiAdcValue" was set but never used
main.c(34): warning:  #111-D: statement is unreachable
compiling spi.c...
spi.h(24): warning:  #1-D: last line of file ends without a newline
spi.c(47): warning:  #177-D: function "DAC_MCP4921_Set" was declared but never referenced
linking...
Program Size: Code=1144 RO-data=32 RW-data=12 ZI-data=1260  
FromELF: creating hex file...
".\SPI.axf" - 0 Errors, 5 Warning(s).
Build target 'Target 1'
compiling main.c...
spi.h(24): warning:  #1-D: last line of file ends without a newline
main.c(11): warning:  #77-D: this declaration has no storage class or type specifier
main.c(11): error:  #147: declaration is incompatible with "struct SPI_FrameParams spiFrameParams" (declared at line 10)
main.c(11): error:  #65: expected a ";"
main.c(22): warning: At end of source:  #12-D: parsing restarts here after previous syntax error
".\SPI.axf" - 2 Errors, 3 Warning(s).
Target not created
Build target 'Target 1'
compiling main.c...
spi.h(24): warning:  #1-D: last line of file ends without a newline
main.c(19): warning:  #111-D: statement is unreachable
linking...
Program Size: Code=692 RO-data=16 RW-data=0 ZI-data=1256  
FromELF: creating hex file...
".\SPI.axf" - 0 Errors, 2 Warning(s).
Build target 'Target 1'
compiling main.c...
spi.h(24): warning:  #1-D: last line of file ends without a newline
main.c(12): warning:  #77-D: this declaration has no storage class or type specifier
main.c(12): error:  #147: declaration is incompatible with "struct SPI_FrameParams spiFrameParams" (declared at line 10)
main.c(12): error:  #65: expected a ";"
main.c(13): warning:  #77-D: this declaration has no storage class or type specifier
main.c(13): error:  #65: expected a ";"
main.c(14): warning:  #77-D: this declaration has no storage class or type specifier
main.c(14): error:  #65: expected a ";"
main.c(15): warning:  #77-D: this declaration has no storage class or type specifier
main.c(15): error:  #65: expected a ";"
main.c(23): warning:  #111-D: statement is unreachable
".\SPI.axf" - 5 Errors, 6 Warning(s).
Target not created
Build target 'Target 1'
compiling main.c...
spi.h(24): warning:  #1-D: last line of file ends without a newline
main.c(25): warning:  #111-D: statement is unreachable
linking...
Program Size: Code=796 RO-data=32 RW-data=4 ZI-data=1260  
FromELF: creating hex file...
".\SPI.axf" - 0 Errors, 2 Warning(s).
Build target 'Target 1'
compiling main.c...
spi.h(24): warning:  #1-D: last line of file ends without a newline
main.c(26): warning:  #111-D: statement is unreachable
main.c(16): warning:  #550-D: variable "spiFrameParams" was set but never used
linking...
Program Size: Code=740 RO-data=16 RW-data=0 ZI-data=1256  
FromELF: creating hex file...
".\SPI.axf" - 0 Errors, 3 Warning(s).
Build target 'Target 1'
compiling main.c...
spi.h(24): warning:  #1-D: last line of file ends without a newline
main.c(25): warning:  #111-D: statement is unreachable
linking...
Program Size: Code=1064 RO-data=16 RW-data=0 ZI-data=1256  
FromELF: creating hex file...
".\SPI.axf" - 0 Errors, 2 Warning(s).
Build target 'Target 1'
compiling main.c...
spi.h(24): warning:  #1-D: last line of file ends without a newline
main.c(25): warning:  #111-D: statement is unreachable
linking...
Program Size: Code=1064 RO-data=16 RW-data=0 ZI-data=1256  
FromELF: creating hex file...
".\SPI.axf" - 0 Errors, 2 Warning(s).
Build target 'Target 1'
compiling spi.c...
spi.h(24): warning:  #1-D: last line of file ends without a newline
spi.c(47): warning:  #177-D: function "DAC_MCP4921_Set" was declared but never referenced
linking...
Program Size: Code=1064 RO-data=16 RW-data=0 ZI-data=1256  
FromELF: creating hex file...
".\SPI.axf" - 0 Errors, 2 Warning(s).
Build target 'Target 1'
compiling spi.c...
spi.h(24): warning:  #1-D: last line of file ends without a newline
spi.c(73): error:  #20: identifier "SPCR_CPHA_POS" is undefined
spi.c(73): error:  #20: identifier "SPCR_CPOL_POS" is undefined
spi.c(73): error:  #20: identifier "SPCR_LSBF_POS" is undefined
spi.c(53): warning:  #177-D: function "DAC_MCP4921_Set" was declared but never referenced
".\SPI.axf" - 3 Errors, 2 Warning(s).
Target not created
Build target 'Target 1'
compiling spi.c...
spi.h(24): warning:  #1-D: last line of file ends without a newline
spi.c(53): warning:  #177-D: function "DAC_MCP4921_Set" was declared but never referenced
linking...
Program Size: Code=1064 RO-data=16 RW-data=0 ZI-data=1256  
FromELF: creating hex file...
".\SPI.axf" - 0 Errors, 2 Warning(s).
Build target 'Target 1'
compiling main.c...
spi.h(24): warning:  #1-D: last line of file ends without a newline
main.c(25): warning:  #111-D: statement is unreachable
linking...
Program Size: Code=1064 RO-data=16 RW-data=0 ZI-data=1256  
FromELF: creating hex file...
".\SPI.axf" - 0 Errors, 2 Warning(s).
Build target 'Target 1'
compiling main.c...
spi.h(24): warning:  #1-D: last line of file ends without a newline
main.c(25): warning:  #111-D: statement is unreachable
compiling spi.c...
spi.h(24): warning:  #1-D: last line of file ends without a newline
spi.c(89): error:  #29: expected an expression
spi.c(89): error:  #20: identifier "ucTxBytesCounter" is undefined
spi.c(86): warning:  #177-D: variable "nrOfBytes" was declared but never referenced
compiling dacMcp4921.c...
spi.h(24): warning:  #1-D: last line of file ends without a newline
dacMcp4921.h(1): warning:  #1-D: last line of file ends without a newline
dacMcp4921.c(24): warning:  #1-D: last line of file ends without a newline
".\SPI.axf" - 2 Errors, 7 Warning(s).
Target not created
Build target 'Target 1'
compiling spi.c...
spi.h(24): warning:  #1-D: last line of file ends without a newline
compiling dacMcp4921.c...
spi.h(24): warning:  #1-D: last line of file ends without a newline
dacMcp4921.h(1): warning:  #1-D: last line of file ends without a newline
dacMcp4921.c(24): warning:  #1-D: last line of file ends without a newline
linking...
Program Size: Code=960 RO-data=16 RW-data=0 ZI-data=1256  
FromELF: creating hex file...
".\SPI.axf" - 0 Errors, 4 Warning(s).
Build target 'Target 1'
compiling main.c...
main.c(25): warning:  #111-D: statement is unreachable
compiling spi.c...
compiling dacMcp4921.c...
dacMcp4921.h(1): warning:  #1-D: last line of file ends without a newline
dacMcp4921.c(24): warning:  #1-D: last line of file ends without a newline
linking...
Program Size: Code=960 RO-data=16 RW-data=0 ZI-data=1256  
FromELF: creating hex file...
".\SPI.axf" - 0 Errors, 3 Warning(s).
Build target 'Target 1'
compiling dacMcp4921.c...
linking...
Program Size: Code=960 RO-data=16 RW-data=0 ZI-data=1256  
FromELF: creating hex file...
".\SPI.axf" - 0 Errors, 0 Warning(s).
Build target 'Target 1'
compiling spi.c...
linking...
Program Size: Code=960 RO-data=16 RW-data=0 ZI-data=1256  
FromELF: creating hex file...
".\SPI.axf" - 0 Errors, 0 Warning(s).
Build target 'Target 1'
compiling spi.c...
linking...
Program Size: Code=1100 RO-data=16 RW-data=0 ZI-data=1256  
FromELF: creating hex file...
".\SPI.axf" - 0 Errors, 0 Warning(s).
Build target 'Target 1'
compiling main.c...
main.c(20): warning:  #111-D: statement is unreachable
compiling dacMcp4921.c...
dacMcp4921.c(45): error:  #29: expected an expression
dacMcp4921.c(47): error:  #65: expected a ";"
dacMcp4921.c(13): warning:  #550-D: variable "spiTransactionParams" was set but never used
dacMcp4921.c(17): warning:  #177-D: function "DAC_MCP4921_InitCSPin" was declared but never referenced
".\SPI.axf" - 2 Errors, 3 Warning(s).
Target not created
Build target 'Target 1'
compiling spi.c...
compiling dacMcp4921.c...
linking...
Program Size: Code=692 RO-data=16 RW-data=0 ZI-data=1256  
FromELF: creating hex file...
".\SPI.axf" - 0 Errors, 0 Warning(s).
Build target 'Target 1'
compiling main.c...
main.c(21): warning:  #111-D: statement is unreachable
linking...
Program Size: Code=1352 RO-data=32 RW-data=4 ZI-data=1292  
FromELF: creating hex file...
".\SPI.axf" - 0 Errors, 1 Warning(s).
Rebuild target 'Target 1'
assembling Startup.s...
compiling keyboard.c...
compiling led.c...
compiling main.c...
main.c(21): warning:  #111-D: statement is unreachable
compiling spi.c...
compiling timer_interrupts.c...
compiling dacMcp4921.c...
compiling command_decoder.c...
compiling string.c...
compiling uart.c...
linking...
.\SPI.axf: Error: L6218E: Undefined symbol asToken (referred from command_decoder.o).
.\SPI.axf: Error: L6218E: Undefined symbol ucTokenNr (referred from command_decoder.o).
".\SPI.axf" - 2 Errors, 1 Warning(s).
Target not created
Build target 'Target 1'
compiling main.c...
main.c(51): warning:  #111-D: statement is unreachable
compiling command_decoder.c...
compiling string.c...
compiling uart.c...
linking...
Program Size: Code=3852 RO-data=32 RW-data=40 ZI-data=1520  
FromELF: creating hex file...
".\SPI.axf" - 0 Errors, 1 Warning(s).
Build target 'Target 1'
compiling dacMcp4921.c...
compiling command_decoder.c...
linking...
Program Size: Code=3856 RO-data=32 RW-data=40 ZI-data=1520  
FromELF: creating hex file...
".\SPI.axf" - 0 Errors, 0 Warning(s).
Build target 'Target 1'
compiling dacMcp4921.c...
linking...
Program Size: Code=3856 RO-data=32 RW-data=40 ZI-data=1520  
FromELF: creating hex file...
".\SPI.axf" - 0 Errors, 0 Warning(s).
Build target 'Target 1'
linking...
Program Size: Code=3856 RO-data=32 RW-data=40 ZI-data=1520  
FromELF: creating hex file...
".\SPI.axf" - 0 Errors, 0 Warning(s).
Build target 'Target 1'
compiling dacMcp4921.c...
linking...
Program Size: Code=3856 RO-data=32 RW-data=40 ZI-data=1520  
FromELF: creating hex file...
".\SPI.axf" - 0 Errors, 0 Warning(s).
