<html>
<body>
<pre>
<h1>µVision Build Log</h1>
<h2>Project:</h2>
C:\Users\lukasz\Desktop\AGH\7_SEMESTR\ARMY\LukaszUszkoARMCurrent\SERIAL_INTERFACES\I2C_Basic\I2C.uvproj
Project File Date:  11/12/2014

<h2>Output:</h2>
Build target 'Target 1'
assembling Startup.s...
compiling command_decoder.c...
compiling dacMcp4921.c...
compiling keyboard.c...
compiling led.c...
compiling main.c...
mcp23S09.h(5): warning:  #1-D: last line of file ends without a newline
main.c(64): warning:  #111-D: statement is unreachable
compiling mcp23S09.c...
mcp23S09.h(5): warning:  #1-D: last line of file ends without a newline
mcp23S09.c(106): warning:  #1-D: last line of file ends without a newline
compiling spi.c...
compiling string.c...
compiling timer_interrupts.c...
compiling uart.c...
linking...
Program Size: Code=4532 RO-data=48 RW-data=68 ZI-data=1556  
FromELF: creating hex file...
".\I2C.axf" - 0 Errors, 4 Warning(s).
Build target 'Target 1'
compiling command_decoder.c...
compiling dacMcp4921.c...
compiling keyboard.c...
compiling led.c...
compiling main.c...
mcp23S09.h(5): warning:  #1-D: last line of file ends without a newline
main.c(63): warning:  #111-D: statement is unreachable
compiling mcp23S09.c...
mcp23S09.h(5): warning:  #1-D: last line of file ends without a newline
mcp23S09.c(106): warning:  #1-D: last line of file ends without a newline
compiling spi.c...
compiling string.c...
compiling timer_interrupts.c...
compiling uart.c...
linking...
Program Size: Code=4532 RO-data=48 RW-data=68 ZI-data=1556  
FromELF: creating hex file...
".\I2C.axf" - 0 Errors, 4 Warning(s).
Build target 'Target 1'
compiling main.c...
mcp23S09.h(5): warning:  #1-D: last line of file ends without a newline
i2c.h(2): warning:  #1-D: last line of file ends without a newline
main.c(50): warning:  #111-D: statement is unreachable
compiling spi.c...
compiling i2c.c...
i2c.h(2): warning:  #1-D: last line of file ends without a newline
i2c.c(99): warning:  #1-D: last line of file ends without a newline
linking...
Program Size: Code=3708 RO-data=32 RW-data=64 ZI-data=1480  
FromELF: creating hex file...
".\I2C.axf" - 0 Errors, 5 Warning(s).
Build target 'Target 1'
compiling main.c...
main.c(50): warning:  #111-D: statement is unreachable
compiling mcp23S09.c...
mcp23S09.c(106): warning:  #1-D: last line of file ends without a newline
compiling i2c.c...
i2c.c(99): warning:  #1-D: last line of file ends without a newline
linking...
Program Size: Code=3708 RO-data=32 RW-data=64 ZI-data=1480  
FromELF: creating hex file...
".\I2C.axf" - 0 Errors, 3 Warning(s).
Build target 'Target 1'
compiling mcp23S09.c...
linking...
Program Size: Code=3708 RO-data=32 RW-data=64 ZI-data=1480  
FromELF: creating hex file...
".\I2C.axf" - 0 Errors, 0 Warning(s).
Build target 'Target 1'
compiling mcp23S09.c...
linking...
Program Size: Code=3708 RO-data=32 RW-data=64 ZI-data=1480  
FromELF: creating hex file...
".\I2C.axf" - 0 Errors, 0 Warning(s).
Build target 'Target 1'
compiling i2c.c...
i2c.c(100): warning:  #1-D: last line of file ends without a newline
linking...
Program Size: Code=3708 RO-data=32 RW-data=64 ZI-data=1480  
FromELF: creating hex file...
".\I2C.axf" - 0 Errors, 1 Warning(s).
Build target 'Target 1'
linking...
Program Size: Code=3708 RO-data=32 RW-data=64 ZI-data=1480  
FromELF: creating hex file...
".\I2C.axf" - 0 Errors, 0 Warning(s).
Build target 'Target 1'
compiling i2c.c...
i2c.c(102): warning:  #1-D: last line of file ends without a newline
linking...
Program Size: Code=3708 RO-data=32 RW-data=64 ZI-data=1480  
FromELF: creating hex file...
".\I2C.axf" - 0 Errors, 1 Warning(s).
Build target 'Target 1'
compiling i2c.c...
i2c.c(102): warning:  #1-D: last line of file ends without a newline
linking...
Program Size: Code=3708 RO-data=32 RW-data=64 ZI-data=1480  
FromELF: creating hex file...
".\I2C.axf" - 0 Errors, 1 Warning(s).
Build target 'Target 1'
compiling i2c.c...
i2c.c(102): warning:  #1-D: last line of file ends without a newline
linking...
Program Size: Code=3708 RO-data=32 RW-data=64 ZI-data=1480  
FromELF: creating hex file...
".\I2C.axf" - 0 Errors, 1 Warning(s).
Build target 'Target 1'
compiling i2c.c...
i2c.c(102): warning:  #1-D: last line of file ends without a newline
linking...
Program Size: Code=3708 RO-data=32 RW-data=64 ZI-data=1480  
FromELF: creating hex file...
".\I2C.axf" - 0 Errors, 1 Warning(s).
