<html>
<body>
<pre>
<h1>µVision Build Log</h1>
<h2>Project:</h2>
H:\Users\student\Desktop\LukaszUszkoARMPopr\GPIO\GPIO.uvproj
Project File Date:  11/04/2013

<h2>Output:</h2>
Build target 'Target 1'
compiling main.c...
compiling keyboard.c...
linking...
Program Size: Code=1648 RO-data=32 RW-data=4 ZI-data=1260  
FromELF: creating hex file...
".\GPIO.axf" - 0 Errors, 0 Warning(s).
Build target 'Target 1'
compiling main.c...
compiling keyboard.c...
linking...
Program Size: Code=1648 RO-data=32 RW-data=4 ZI-data=1260  
FromELF: creating hex file...
".\GPIO.axf" - 0 Errors, 0 Warning(s).
Build target 'Target 1'
compiling main.c...
compiling led.c...
linking...
Program Size: Code=1648 RO-data=32 RW-data=4 ZI-data=1260  
FromELF: creating hex file...
".\GPIO.axf" - 0 Errors, 0 Warning(s).
