<html>
<body>
<pre>
<h1>µVision Build Log</h1>
<h2>Project:</h2>
C:\Users\lukasz\Desktop\ARMY\LukaszUszkoARMCurrent\USART\usart4\usart4.uvproj
Project File Date:  11/21/2013

<h2>Output:</h2>
Build target 'Target 1'
compiling main.c...
compiling servo.c...
linking...
Program Size: Code=2764 RO-data=32 RW-data=12 ZI-data=1268  
FromELF: creating hex file...
".\usart4.axf" - 0 Errors, 0 Warning(s).
Build target 'Target 1'
compiling main.c...
compiling servo.c...
linking...
Program Size: Code=2800 RO-data=32 RW-data=12 ZI-data=1268  
FromELF: creating hex file...
".\usart4.axf" - 0 Errors, 0 Warning(s).
Build target 'Target 1'
compiling servo.c...
linking...
Program Size: Code=2816 RO-data=32 RW-data=12 ZI-data=1268  
FromELF: creating hex file...
".\usart4.axf" - 0 Errors, 0 Warning(s).
Build target 'Target 1'
linking...
Program Size: Code=2816 RO-data=32 RW-data=12 ZI-data=1268  
FromELF: creating hex file...
".\usart4.axf" - 0 Errors, 0 Warning(s).
