<html>
<body>
<pre>
<h1>µVision Build Log</h1>
<h2>Project:</h2>
C:\Users\lukasz\Desktop\AGH\7_SEMESTR\ARMY\LukaszUszkoARMCurrent\TRANSMIT\transmition.uvproj
Project File Date:  11/25/2013

<h2>Output:</h2>
Build target 'Target 1'
compiling main.c...
uart.h(18): warning:  #1-D: last line of file ends without a newline
compiling uart.c...
uart.h(18): warning:  #1-D: last line of file ends without a newline
linking...
Program Size: Code=4360 RO-data=32 RW-data=36 ZI-data=1492  
FromELF: creating hex file...
".\transmition.axf" - 0 Errors, 2 Warning(s).
Rebuild target 'Target 1'
assembling Startup.s...
compiling command_decoder.c...
compiling keyboard.c...
compiling led.c...
compiling main.c...
compiling servo.c...
compiling string.c...
compiling timer_interrupts.c...
compiling uart.c...
linking...
Program Size: Code=4360 RO-data=32 RW-data=36 ZI-data=1492  
FromELF: creating hex file...
".\transmition.axf" - 0 Errors, 0 Warning(s).
Rebuild target 'Target 1'
assembling Startup.s...
compiling command_decoder.c...
compiling keyboard.c...
compiling led.c...
compiling main.c...
compiling servo.c...
compiling string.c...
compiling timer_interrupts.c...
compiling uart.c...
linking...
Program Size: Code=4392 RO-data=32 RW-data=36 ZI-data=1492  
FromELF: creating hex file...
".\transmition.axf" - 0 Errors, 0 Warning(s).
Build target 'Target 1'
compiling uart.c...
linking...
Program Size: Code=4404 RO-data=32 RW-data=36 ZI-data=1492  
FromELF: creating hex file...
".\transmition.axf" - 0 Errors, 0 Warning(s).
Build target 'Target 1'
compiling uart.c...
linking...
Program Size: Code=4412 RO-data=32 RW-data=36 ZI-data=1492  
FromELF: creating hex file...
".\transmition.axf" - 0 Errors, 0 Warning(s).
Build target 'Target 1'
compiling main.c...
linking...
Program Size: Code=4416 RO-data=32 RW-data=36 ZI-data=1492  
FromELF: creating hex file...
".\transmition.axf" - 0 Errors, 0 Warning(s).
