<html>
<body>
<pre>
<h1>µVision Build Log</h1>
<h2>Project:</h2>
H:\Users\student\Desktop\LukaszUszkoARMPopr\TIMERY\TIMER.uvproj
Project File Date:  11/04/2013

<h2>Output:</h2>
Build target 'Target 1'
linking...
Program Size: Code=1356 RO-data=32 RW-data=4 ZI-data=1260  
FromELF: creating hex file...
".\TIMER.axf" - 0 Errors, 0 Warning(s).
Build target 'Target 1'
compiling main.c...
main.c(18): warning:  #1295-D: Deprecated declaration WaitOnTimer0Match0 - give arg types
main.c(73): warning:  #1-D: last line of file ends without a newline
linking...
Program Size: Code=1356 RO-data=32 RW-data=4 ZI-data=1260  
FromELF: creating hex file...
".\TIMER.axf" - 0 Errors, 2 Warning(s).
Build target 'Target 1'
compiling main.c...
main.c(18): warning:  #1295-D: Deprecated declaration WaitOnTimer0Match0 - give arg types
main.c(73): warning:  #1-D: last line of file ends without a newline
linking...
Program Size: Code=1356 RO-data=32 RW-data=4 ZI-data=1260  
FromELF: creating hex file...
".\TIMER.axf" - 0 Errors, 2 Warning(s).
Rebuild target 'Target 1'
assembling Startup.s...
compiling keyboard.c...
compiling led.c...
compiling main.c...
main.c(73): warning:  #1-D: last line of file ends without a newline
linking...
Program Size: Code=1356 RO-data=32 RW-data=4 ZI-data=1260  
FromELF: creating hex file...
".\TIMER.axf" - 0 Errors, 1 Warning(s).
Build target 'Target 1'
linking...
Program Size: Code=1356 RO-data=32 RW-data=4 ZI-data=1260  
FromELF: creating hex file...
".\TIMER.axf" - 0 Errors, 0 Warning(s).
Build target 'Target 1'
compiling main.c...
main.c(38): warning:  #68-D: integer conversion resulted in a change of sign
main.c(74): warning:  #1-D: last line of file ends without a newline
linking...
Program Size: Code=1364 RO-data=32 RW-data=4 ZI-data=1260  
FromELF: creating hex file...
".\TIMER.axf" - 0 Errors, 2 Warning(s).
Build target 'Target 1'
compiling main.c...
main.c(74): warning:  #1-D: last line of file ends without a newline
linking...
Program Size: Code=1364 RO-data=32 RW-data=4 ZI-data=1260  
FromELF: creating hex file...
".\TIMER.axf" - 0 Errors, 1 Warning(s).
Build target 'Target 1'
compiling main.c...
main.c(71): warning:  #1-D: last line of file ends without a newline
linking...
Program Size: Code=1372 RO-data=32 RW-data=4 ZI-data=1260  
FromELF: creating hex file...
".\TIMER.axf" - 0 Errors, 1 Warning(s).
Build target 'Target 1'
linking...
Program Size: Code=1372 RO-data=32 RW-data=4 ZI-data=1260  
FromELF: creating hex file...
".\TIMER.axf" - 0 Errors, 0 Warning(s).
Build target 'Target 1'
compiling main.c...
main.c(71): warning:  #1-D: last line of file ends without a newline
linking...
Program Size: Code=1364 RO-data=32 RW-data=4 ZI-data=1260  
FromELF: creating hex file...
".\TIMER.axf" - 0 Errors, 1 Warning(s).
Build target 'Target 1'
linking...
Program Size: Code=1364 RO-data=32 RW-data=4 ZI-data=1260  
FromELF: creating hex file...
".\TIMER.axf" - 0 Errors, 0 Warning(s).
Build target 'Target 1'
compiling main.c...
main.c(71): warning:  #1-D: last line of file ends without a newline
linking...
Program Size: Code=1364 RO-data=32 RW-data=4 ZI-data=1260  
FromELF: creating hex file...
".\TIMER.axf" - 0 Errors, 1 Warning(s).
Build target 'Target 1'
compiling led.c...
led.c(40): error:  #20: identifier "Direction" is undefined
led.c(45): error:  #20: identifier "LEFT" is undefined
led.c(51): error:  #20: identifier "RIGHT" is undefined
led.c(63): error:  #20: identifier "LEFT" is undefined
led.c(68): error:  #20: identifier "RIGHT" is undefined
compiling main.c...
main.c(71): warning:  #1-D: last line of file ends without a newline
".\TIMER.axf" - 5 Errors, 1 Warning(s).
Target not created
Build target 'Target 1'
compiling led.c...
compiling main.c...
main.c(71): warning:  #1-D: last line of file ends without a newline
linking...
Program Size: Code=1364 RO-data=32 RW-data=4 ZI-data=1260  
FromELF: creating hex file...
".\TIMER.axf" - 0 Errors, 1 Warning(s).
Build target 'Target 1'
compiling keyboard.c...
keyboard.c(27): error:  #20: identifier "ButtonState" is undefined
keyboard.c(31): error:  #20: identifier "RELEASED" is undefined
keyboard.c(35): error:  #20: identifier "PRESSED" is undefined
compiling main.c...
main.c(71): warning:  #1-D: last line of file ends without a newline
".\TIMER.axf" - 3 Errors, 1 Warning(s).
Target not created
Build target 'Target 1'
compiling keyboard.c...
linking...
Program Size: Code=1364 RO-data=32 RW-data=4 ZI-data=1260  
FromELF: creating hex file...
".\TIMER.axf" - 0 Errors, 0 Warning(s).
Build target 'Target 1'
compiling led.c...
compiling main.c...
main.c(71): warning:  #1-D: last line of file ends without a newline
linking...
Program Size: Code=1364 RO-data=32 RW-data=4 ZI-data=1260  
FromELF: creating hex file...
".\TIMER.axf" - 0 Errors, 1 Warning(s).
Build target 'Target 1'
compiling keyboard.c...
compiling led.c...
compiling main.c...
main.c(71): warning:  #1-D: last line of file ends without a newline
linking...
Program Size: Code=1364 RO-data=32 RW-data=4 ZI-data=1260  
FromELF: creating hex file...
".\TIMER.axf" - 0 Errors, 1 Warning(s).
Build target 'Target 1'
compiling keyboard.c...
linking...
Program Size: Code=1364 RO-data=32 RW-data=4 ZI-data=1260  
FromELF: creating hex file...
".\TIMER.axf" - 0 Errors, 0 Warning(s).
