ARM Linker, 5.03 [Build 76] [MDK-ARM Lite]

==============================================================================

Section Cross References

    startup.o(STACK) refers (Special) to heapauxi.o(.text) for __use_two_region_memory
    startup.o(HEAP) refers (Special) to heapauxi.o(.text) for __use_two_region_memory
    startup.o(RESET) refers (Special) to heapauxi.o(.text) for __use_two_region_memory
    startup.o(RESET) refers to startup.o(STACK) for Stack_Top
    startup.o(RESET) refers to __main.o(!!!main) for __main
    startup.o(.text) refers (Special) to heapauxi.o(.text) for __use_two_region_memory
    startup.o(.text) refers to startup.o(HEAP) for Heap_Mem
    startup.o(.text) refers to startup.o(STACK) for Stack_Mem
    led.o(.text) refers to led.o(.data) for cStateLed
    main.o(.text) refers to mcp23s09.o(.text) for MCP23S09_Init
    main.o(.text) refers to uart.o(.text) for UART_InitWithInt
    main.o(.text) refers to command_decoder.o(.text) for DecodeMsg
    main.o(.text) refers to dacmcp4921.o(.text) for DAC_MCP4921_Set_Adv
    main.o(.text) refers to string.o(.text) for AppendUIntToString
    main.o(.text) refers to main.o(.constdata) for .constdata
    main.o(.text) refers to main.o(.data) for ucTokenNr
    main.o(.text) refers to main.o(.bss) for asToken
    timer_interrupts.o(.text) refers to timer_interrupts.o(.data) for ptrTimer0InterruptFunction
    dacmcp4921.o(.text) refers to spi.o(.text) for SPI_ConfigMaster
    dacmcp4921.o(.text) refers to dacmcp4921.o(.data) for spiFrameParams
    dacmcp4921.o(.text) refers to dacmcp4921.o(.bss) for spiTransactionParams
    command_decoder.o(.text) refers to string.o(.text) for eCompareString
    command_decoder.o(.text) refers to main.o(.bss) for asToken
    command_decoder.o(.text) refers to command_decoder.o(.data) for asKeywordList
    command_decoder.o(.text) refers to main.o(.data) for ucTokenNr
    uart.o(.text) refers to string.o(.text) for CopyString
    uart.o(.text) refers to aeabi_sdiv.o(.text_udiv) for __aeabi_uidivmod
    uart.o(.text) refers to uart.o(.bss) for sTransmiterBuffer
    mcp23s09.o(.text) refers to spi.o(.text) for SPI_ConfigMaster
    mcp23s09.o(.text) refers to mcp23s09.o(.data) for spiFrameParams
    mcp23s09.o(.text) refers to mcp23s09.o(.bss) for txBuf
    aeabi_sdiv.o(.text_udiv) refers to aeabi_sdiv.o(.text) for __arm_div2
    aeabi_sdiv_div0.o(.text_udiv) refers to aeabi_sdiv_div0.o(.text) for __arm_div2
    __main.o(!!!main) refers to rtentry.o(.ARM.Collect$$rtentry$$00000000) for __rt_entry
    rtentry.o(.ARM.Collect$$rtentry$$00000000) refers (Special) to rtentry2.o(.ARM.Collect$$rtentry$$0000000A) for __rt_entry_li
    rtentry.o(.ARM.Collect$$rtentry$$00000000) refers (Special) to rtentry2.o(.ARM.Collect$$rtentry$$0000000D) for __rt_entry_main
    rtentry.o(.ARM.Collect$$rtentry$$00000000) refers (Special) to rtentry2.o(.ARM.Collect$$rtentry$$0000000C) for __rt_entry_postli_1
    rtentry.o(.ARM.Collect$$rtentry$$00000000) refers (Special) to rtentry2.o(.ARM.Collect$$rtentry$$00000009) for __rt_entry_postsh_1
    rtentry.o(.ARM.Collect$$rtentry$$00000000) refers (Special) to rtentry2.o(.ARM.Collect$$rtentry$$00000002) for __rt_entry_presh_1
    rtentry.o(.ARM.Collect$$rtentry$$00000000) refers (Special) to rtentry4.o(.ARM.Collect$$rtentry$$00000004) for __rt_entry_sh
    aeabi_idiv0_sigfpe.o(.text) refers to rt_div0.o(.text) for __rt_div0
    rtentry2.o(.ARM.Collect$$rtentry$$00000008) refers to boardinit2.o(.text) for _platform_post_stackheap_init
    rtentry2.o(.ARM.Collect$$rtentry$$0000000A) refers to libinit.o(.ARM.Collect$$libinit$$00000000) for __rt_lib_init
    rtentry2.o(.ARM.Collect$$rtentry$$0000000B) refers to boardinit3.o(.text) for _platform_post_lib_init
    rtentry2.o(.ARM.Collect$$rtentry$$0000000D) refers to exit.o(.text) for exit
    rtentry2.o(.ARM.Collect$$rtentry$$0000000D) refers to main.o(.text) for main
    rtentry2.o(.ARM.exidx) refers to rtentry2.o(.ARM.Collect$$rtentry$$00000001) for .ARM.Collect$$rtentry$$00000001
    rtentry2.o(.ARM.exidx) refers to rtentry2.o(.ARM.Collect$$rtentry$$00000008) for .ARM.Collect$$rtentry$$00000008
    rtentry2.o(.ARM.exidx) refers to rtentry2.o(.ARM.Collect$$rtentry$$0000000A) for .ARM.Collect$$rtentry$$0000000A
    rtentry2.o(.ARM.exidx) refers to rtentry2.o(.ARM.Collect$$rtentry$$0000000B) for .ARM.Collect$$rtentry$$0000000B
    rtentry2.o(.ARM.exidx) refers to rtentry2.o(.ARM.Collect$$rtentry$$0000000D) for .ARM.Collect$$rtentry$$0000000D
    rtentry4.o(.ARM.Collect$$rtentry$$00000004) refers to sys_stackheap_outer.o(.text) for __user_setup_stackheap
    rtentry4.o(.ARM.exidx) refers to rtentry4.o(.ARM.Collect$$rtentry$$00000004) for .ARM.Collect$$rtentry$$00000004
    rt_div0.o(.text) refers to defsig_fpe_outer.o(.text) for __rt_SIGFPE
    sys_stackheap_outer.o(.text) refers to libspace.o(.text) for __user_perproc_libspace
    sys_stackheap_outer.o(.text) refers to startup.o(.text) for __user_initial_stackheap
    exit.o(.text) refers to rtexit.o(.ARM.Collect$$rtexit$$00000000) for __rt_exit
    defsig_fpe_outer.o(.text) refers to defsig_fpe_inner.o(.text) for __rt_SIGFPE_inner
    defsig_fpe_outer.o(.text) refers to defsig_exit.o(.text) for __sig_exit
    defsig_fpe_formal.o(.text) refers to rt_raise.o(.text) for __rt_raise
    libinit.o(.ARM.Collect$$libinit$$00000000) refers (Special) to libinit2.o(.ARM.Collect$$libinit$$0000002C) for __rt_lib_init_alloca_1
    libinit.o(.ARM.Collect$$libinit$$00000000) refers (Special) to libinit2.o(.ARM.Collect$$libinit$$0000002A) for __rt_lib_init_argv_1
    libinit.o(.ARM.Collect$$libinit$$00000000) refers (Special) to libinit2.o(.ARM.Collect$$libinit$$00000019) for __rt_lib_init_atexit_1
    libinit.o(.ARM.Collect$$libinit$$00000000) refers (Special) to libinit2.o(.ARM.Collect$$libinit$$0000001F) for __rt_lib_init_clock_1
    libinit.o(.ARM.Collect$$libinit$$00000000) refers (Special) to libinit2.o(.ARM.Collect$$libinit$$00000030) for __rt_lib_init_cpp_1
    libinit.o(.ARM.Collect$$libinit$$00000000) refers (Special) to libinit2.o(.ARM.Collect$$libinit$$0000002E) for __rt_lib_init_exceptions_1
    libinit.o(.ARM.Collect$$libinit$$00000000) refers (Special) to libinit2.o(.ARM.Collect$$libinit$$00000002) for __rt_lib_init_fp_1
    libinit.o(.ARM.Collect$$libinit$$00000000) refers (Special) to libinit2.o(.ARM.Collect$$libinit$$0000001D) for __rt_lib_init_fp_trap_1
    libinit.o(.ARM.Collect$$libinit$$00000000) refers (Special) to libinit2.o(.ARM.Collect$$libinit$$00000021) for __rt_lib_init_getenv_1
    libinit.o(.ARM.Collect$$libinit$$00000000) refers (Special) to libinit2.o(.ARM.Collect$$libinit$$00000008) for __rt_lib_init_heap_1
    libinit.o(.ARM.Collect$$libinit$$00000000) refers (Special) to libinit2.o(.ARM.Collect$$libinit$$0000000F) for __rt_lib_init_lc_collate_1
    libinit.o(.ARM.Collect$$libinit$$00000000) refers (Special) to libinit2.o(.ARM.Collect$$libinit$$00000011) for __rt_lib_init_lc_ctype_1
    libinit.o(.ARM.Collect$$libinit$$00000000) refers (Special) to libinit2.o(.ARM.Collect$$libinit$$00000013) for __rt_lib_init_lc_monetary_1
    libinit.o(.ARM.Collect$$libinit$$00000000) refers (Special) to libinit2.o(.ARM.Collect$$libinit$$00000015) for __rt_lib_init_lc_numeric_1
    libinit.o(.ARM.Collect$$libinit$$00000000) refers (Special) to libinit2.o(.ARM.Collect$$libinit$$00000017) for __rt_lib_init_lc_time_1
    libinit.o(.ARM.Collect$$libinit$$00000000) refers (Special) to libinit2.o(.ARM.Collect$$libinit$$0000000C) for __rt_lib_init_rand_1
    libinit.o(.ARM.Collect$$libinit$$00000000) refers (Special) to libinit2.o(.ARM.Collect$$libinit$$00000031) for __rt_lib_init_return
    libinit.o(.ARM.Collect$$libinit$$00000000) refers (Special) to libinit2.o(.ARM.Collect$$libinit$$0000001B) for __rt_lib_init_signal_1
    libinit.o(.ARM.Collect$$libinit$$00000000) refers (Special) to libinit2.o(.ARM.Collect$$libinit$$00000023) for __rt_lib_init_stdio_1
    libinit.o(.ARM.Collect$$libinit$$00000000) refers (Special) to libinit2.o(.ARM.Collect$$libinit$$0000000A) for __rt_lib_init_user_alloc_1
    libspace.o(.text) refers to libspace.o(.bss) for __libspace_start
    rtexit.o(.ARM.Collect$$rtexit$$00000000) refers (Special) to rtexit2.o(.ARM.Collect$$rtexit$$00000004) for __rt_exit_exit
    rtexit.o(.ARM.Collect$$rtexit$$00000000) refers (Special) to rtexit2.o(.ARM.Collect$$rtexit$$00000003) for __rt_exit_ls
    rtexit.o(.ARM.Collect$$rtexit$$00000000) refers (Special) to rtexit2.o(.ARM.Collect$$rtexit$$00000002) for __rt_exit_prels_1
    rtexit.o(.ARM.exidx) refers (Special) to rtexit2.o(.ARM.Collect$$rtexit$$00000004) for __rt_exit_exit
    rtexit.o(.ARM.exidx) refers (Special) to rtexit2.o(.ARM.Collect$$rtexit$$00000003) for __rt_exit_ls
    rtexit.o(.ARM.exidx) refers (Special) to rtexit2.o(.ARM.Collect$$rtexit$$00000002) for __rt_exit_prels_1
    rtexit.o(.ARM.exidx) refers to rtexit.o(.ARM.Collect$$rtexit$$00000000) for .ARM.Collect$$rtexit$$00000000
    rt_raise.o(.text) refers to __raise.o(.text) for __raise
    rt_raise.o(.text) refers to sys_exit.o(.text) for _sys_exit
    defsig_exit.o(.text) refers to sys_exit.o(.text) for _sys_exit
    defsig_fpe_inner.o(.text) refers to defsig_general.o(.text) for __default_signal_display
    libinit2.o(.ARM.Collect$$libinit$$00000001) refers to fpinit.o(x$fpl$fpinit) for _fp_init
    libinit2.o(.ARM.Collect$$libinit$$0000000E) refers to libinit2.o(.ARM.Collect$$libinit$$0000000D) for .ARM.Collect$$libinit$$0000000D
    libinit2.o(.ARM.Collect$$libinit$$00000010) refers to libinit2.o(.ARM.Collect$$libinit$$0000000D) for .ARM.Collect$$libinit$$0000000D
    libinit2.o(.ARM.Collect$$libinit$$00000012) refers to libinit2.o(.ARM.Collect$$libinit$$0000000D) for .ARM.Collect$$libinit$$0000000D
    libinit2.o(.ARM.Collect$$libinit$$00000014) refers to libinit2.o(.ARM.Collect$$libinit$$0000000D) for .ARM.Collect$$libinit$$0000000D
    libinit2.o(.ARM.Collect$$libinit$$00000016) refers to libinit2.o(.ARM.Collect$$libinit$$0000000D) for .ARM.Collect$$libinit$$0000000D
    libinit2.o(.ARM.Collect$$libinit$$00000024) refers to argv_veneer.o(.emb_text) for __ARM_argv_veneer
    libinit2.o(.ARM.Collect$$libinit$$00000025) refers to argv_veneer.o(.emb_text) for __ARM_argv_veneer
    sys_exit.o(.text) refers (Special) to use_no_semi.o(.text) for __I$use$semihosting
    sys_exit.o(.text) refers (Special) to indicate_semi.o(.text) for __semihosting_library_function
    rtexit2.o(.ARM.Collect$$rtexit$$00000003) refers to libshutdown.o(.ARM.Collect$$libshutdown$$00000000) for __rt_lib_shutdown
    rtexit2.o(.ARM.Collect$$rtexit$$00000004) refers to sys_exit.o(.text) for _sys_exit
    rtexit2.o(.ARM.exidx) refers to rtexit2.o(.ARM.Collect$$rtexit$$00000001) for .ARM.Collect$$rtexit$$00000001
    rtexit2.o(.ARM.exidx) refers to rtexit2.o(.ARM.Collect$$rtexit$$00000003) for .ARM.Collect$$rtexit$$00000003
    rtexit2.o(.ARM.exidx) refers to rtexit2.o(.ARM.Collect$$rtexit$$00000004) for .ARM.Collect$$rtexit$$00000004
    __raise.o(.text) refers to __raise.o(i.__ARM_common_call_via_r2) for __ARM_common_call_via_r2
    __raise.o(.text) refers to defsig.o(CL$$defsig) for __default_signal_handler
    defsig_general.o(.text) refers to sys_wrch.o(.text) for _ttywrch
    argv_veneer.o(.emb_text) refers to no_argv.o(.text) for __ARM_get_argv
    sys_wrch.o(.text) refers (Special) to use_no_semi.o(.text) for __I$use$semihosting
    sys_wrch.o(.text) refers (Special) to indicate_semi.o(.text) for __semihosting_library_function
    defsig.o(CL$$defsig) refers to defsig_fpe_inner.o(.text) for __rt_SIGFPE_inner
    defsig.o(CL$$defsig) refers to defsig_rtmem_inner.o(.text) for __rt_SIGRTMEM_inner
    _get_argv_nomalloc.o(.text) refers (Special) to hrguard.o(.text) for __heap_region$guard
    _get_argv_nomalloc.o(.text) refers to defsig_rtmem_outer.o(.text) for __rt_SIGRTMEM
    _get_argv_nomalloc.o(.text) refers to sys_command.o(.text) for _sys_command_string
    libshutdown.o(.ARM.Collect$$libshutdown$$00000000) refers (Special) to libshutdown2.o(.ARM.Collect$$libshutdown$$00000006) for __rt_lib_shutdown_fp_trap_1
    libshutdown.o(.ARM.Collect$$libshutdown$$00000000) refers (Special) to libshutdown2.o(.ARM.Collect$$libshutdown$$0000000E) for __rt_lib_shutdown_heap_1
    libshutdown.o(.ARM.Collect$$libshutdown$$00000000) refers (Special) to libshutdown2.o(.ARM.Collect$$libshutdown$$0000000F) for __rt_lib_shutdown_return
    libshutdown.o(.ARM.Collect$$libshutdown$$00000000) refers (Special) to libshutdown2.o(.ARM.Collect$$libshutdown$$00000009) for __rt_lib_shutdown_signal_1
    libshutdown.o(.ARM.Collect$$libshutdown$$00000000) refers (Special) to libshutdown2.o(.ARM.Collect$$libshutdown$$00000003) for __rt_lib_shutdown_stdio_1
    libshutdown.o(.ARM.Collect$$libshutdown$$00000000) refers (Special) to libshutdown2.o(.ARM.Collect$$libshutdown$$0000000B) for __rt_lib_shutdown_user_alloc_1
    sys_command.o(.text) refers (Special) to use_no_semi.o(.text) for __I$use$semihosting
    sys_command.o(.text) refers (Special) to indicate_semi.o(.text) for __semihosting_library_function
    defsig_abrt_inner.o(.text) refers to defsig_general.o(.text) for __default_signal_display
    defsig_rtred_inner.o(.text) refers to defsig_general.o(.text) for __default_signal_display
    defsig_rtmem_inner.o(.text) refers to defsig_general.o(.text) for __default_signal_display
    defsig_rtmem_outer.o(.text) refers to defsig_rtmem_inner.o(.text) for __rt_SIGRTMEM_inner
    defsig_rtmem_outer.o(.text) refers to defsig_exit.o(.text) for __sig_exit
    defsig_rtmem_formal.o(.text) refers to rt_raise.o(.text) for __rt_raise
    defsig_stak_inner.o(.text) refers to defsig_general.o(.text) for __default_signal_display
    defsig_pvfn_inner.o(.text) refers to defsig_general.o(.text) for __default_signal_display
    defsig_cppl_inner.o(.text) refers to defsig_general.o(.text) for __default_signal_display
    defsig_segv_inner.o(.text) refers to defsig_general.o(.text) for __default_signal_display
    defsig_other.o(.text) refers to defsig_general.o(.text) for __default_signal_display


==============================================================================

Removing Unused input sections from the image.

    Removing keyboard.o(.text), (132 bytes).
    Removing led.o(.text), (400 bytes).
    Removing led.o(.data), (1 bytes).
    Removing timer_interrupts.o(.text), (296 bytes).
    Removing timer_interrupts.o(.data), (8 bytes).

5 unused section(s) (total 837 bytes) removed from the image.

==============================================================================

Adding Veneers to the image

    Adding AT veneer (8 bytes, Inline) for call to '__rt_lib_init' from rtentry2.o(.ARM.Collect$$rtentry$$0000000A).
    Adding AT veneer (8 bytes, Inline) for call to '__rt_lib_shutdown' from rtexit2.o(.ARM.Collect$$rtexit$$00000003).
    Adding TA veneer (4 bytes, Inline) for call to '__rt_exit' from exit.o(.text).
    Adding AT veneer (8 bytes, Inline) for call to '_sys_exit' from rtexit2.o(.ARM.Collect$$rtexit$$00000004).

4 Veneer(s) (total 28 bytes) added to the image.

==============================================================================

Image Symbol Table

    Local Symbols

    Symbol Name                              Value     Ov Type        Size  Object(Section)

    RESET                                    0x00000000   Section      272  startup.o(RESET)
    ../clib/angel/boardlib.s                 0x00000000   Number         0  boardinit3.o ABSOLUTE
    ../clib/angel/boardlib.s                 0x00000000   Number         0  boardinit2.o ABSOLUTE
    ../clib/angel/boardlib.s                 0x00000000   Number         0  boardinit1.o ABSOLUTE
    ../clib/angel/boardlib.s                 0x00000000   Number         0  boardshut.o ABSOLUTE
    ../clib/angel/handlers.s                 0x00000000   Number         0  __scatter_zi.o ABSOLUTE
    ../clib/angel/handlers.s                 0x00000000   Number         0  __scatter_copy.o ABSOLUTE
    ../clib/angel/kernel.s                   0x00000000   Number         0  rtexit.o ABSOLUTE
    ../clib/angel/kernel.s                   0x00000000   Number         0  rtentry2.o ABSOLUTE
    ../clib/angel/kernel.s                   0x00000000   Number         0  rtexit2.o ABSOLUTE
    ../clib/angel/kernel.s                   0x00000000   Number         0  rtentry.o ABSOLUTE
    ../clib/angel/kernel.s                   0x00000000   Number         0  rtentry4.o ABSOLUTE
    ../clib/angel/rt.s                       0x00000000   Number         0  rt_div0.o ABSOLUTE
    ../clib/angel/rt.s                       0x00000000   Number         0  rt_raise.o ABSOLUTE
    ../clib/angel/rt.s                       0x00000000   Number         0  aeabi_idiv0_sigfpe.o ABSOLUTE
    ../clib/angel/rt.s                       0x00000000   Number         0  aeabi_idiv0.o ABSOLUTE
    ../clib/angel/scatter.s                  0x00000000   Number         0  __scatter.o ABSOLUTE
    ../clib/angel/startup.s                  0x00000000   Number         0  __main.o ABSOLUTE
    ../clib/angel/sys.s                      0x00000000   Number         0  use_no_semi.o ABSOLUTE
    ../clib/angel/sys.s                      0x00000000   Number         0  sys_stackheap_outer.o ABSOLUTE
    ../clib/angel/sys.s                      0x00000000   Number         0  libspace.o ABSOLUTE
    ../clib/angel/sys.s                      0x00000000   Number         0  indicate_semi.o ABSOLUTE
    ../clib/angel/sysapp.c                   0x00000000   Number         0  sys_wrch.o ABSOLUTE
    ../clib/angel/sysapp.c                   0x00000000   Number         0  sys_command.o ABSOLUTE
    ../clib/angel/sysapp.c                   0x00000000   Number         0  sys_exit.o ABSOLUTE
    ../clib/armsys.c                         0x00000000   Number         0  argv_veneer.o ABSOLUTE
    ../clib/armsys.c                         0x00000000   Number         0  argv_veneer.o ABSOLUTE
    ../clib/armsys.c                         0x00000000   Number         0  _get_argv_nomalloc.o ABSOLUTE
    ../clib/armsys.c                         0x00000000   Number         0  no_argv.o ABSOLUTE
    ../clib/division.s                       0x00000000   Number         0  aeabi_sdiv.o ABSOLUTE
    ../clib/division.s                       0x00000000   Number         0  aeabi_sdiv_div0.o ABSOLUTE
    ../clib/divrt.s                          0x00000000   Number         0  divrt_7tdmi.o ABSOLUTE
    ../clib/divrt.s                          0x00000000   Number         0  divrt_7tdmi_div0.o ABSOLUTE
    ../clib/heapalloc.c                      0x00000000   Number         0  hrguard.o ABSOLUTE
    ../clib/heapaux.c                        0x00000000   Number         0  heapauxi.o ABSOLUTE
    ../clib/libinit.s                        0x00000000   Number         0  libshutdown.o ABSOLUTE
    ../clib/libinit.s                        0x00000000   Number         0  libinit2.o ABSOLUTE
    ../clib/libinit.s                        0x00000000   Number         0  libshutdown2.o ABSOLUTE
    ../clib/libinit.s                        0x00000000   Number         0  libinit.o ABSOLUTE
    ../clib/signal.c                         0x00000000   Number         0  defsig_general.o ABSOLUTE
    ../clib/signal.c                         0x00000000   Number         0  defsig_abrt_inner.o ABSOLUTE
    ../clib/signal.c                         0x00000000   Number         0  defsig_rtred_inner.o ABSOLUTE
    ../clib/signal.c                         0x00000000   Number         0  defsig_fpe_formal.o ABSOLUTE
    ../clib/signal.c                         0x00000000   Number         0  defsig_rtmem_outer.o ABSOLUTE
    ../clib/signal.c                         0x00000000   Number         0  defsig_rtmem_formal.o ABSOLUTE
    ../clib/signal.c                         0x00000000   Number         0  defsig_stak_inner.o ABSOLUTE
    ../clib/signal.c                         0x00000000   Number         0  defsig_pvfn_inner.o ABSOLUTE
    ../clib/signal.c                         0x00000000   Number         0  defsig_cppl_inner.o ABSOLUTE
    ../clib/signal.c                         0x00000000   Number         0  defsig_segv_inner.o ABSOLUTE
    ../clib/signal.c                         0x00000000   Number         0  defsig_other.o ABSOLUTE
    ../clib/signal.c                         0x00000000   Number         0  defsig_fpe_outer.o ABSOLUTE
    ../clib/signal.c                         0x00000000   Number         0  defsig_rtmem_inner.o ABSOLUTE
    ../clib/signal.c                         0x00000000   Number         0  defsig_exit.o ABSOLUTE
    ../clib/signal.c                         0x00000000   Number         0  defsig_fpe_inner.o ABSOLUTE
    ../clib/signal.c                         0x00000000   Number         0  __raise.o ABSOLUTE
    ../clib/signal.s                         0x00000000   Number         0  defsig.o ABSOLUTE
    ../clib/stdlib.c                         0x00000000   Number         0  exit.o ABSOLUTE
    ../fplib/fpinit.s                        0x00000000   Number         0  fpinit.o ABSOLUTE
    Startup.s                                0x00000000   Number         0  startup.o ABSOLUTE
    command_decoder.c                        0x00000000   Number         0  command_decoder.o ABSOLUTE
    dacMcp4921.c                             0x00000000   Number         0  dacmcp4921.o ABSOLUTE
    dc.s                                     0x00000000   Number         0  dc.o ABSOLUTE
    keyboard.c                               0x00000000   Number         0  keyboard.o ABSOLUTE
    led.c                                    0x00000000   Number         0  led.o ABSOLUTE
    main.c                                   0x00000000   Number         0  main.o ABSOLUTE
    mcp23S09.c                               0x00000000   Number         0  mcp23s09.o ABSOLUTE
    spi.c                                    0x00000000   Number         0  spi.o ABSOLUTE
    string.c                                 0x00000000   Number         0  string.o ABSOLUTE
    timer_interrupts.c                       0x00000000   Number         0  timer_interrupts.o ABSOLUTE
    uart.c                                   0x00000000   Number         0  uart.o ABSOLUTE
    Undef_Handler                            0x00000040   ARM Code       4  startup.o(RESET)
    SWI_Handler                              0x00000044   ARM Code       4  startup.o(RESET)
    PAbt_Handler                             0x00000048   ARM Code       4  startup.o(RESET)
    DAbt_Handler                             0x0000004c   ARM Code       4  startup.o(RESET)
    IRQ_Handler                              0x00000050   ARM Code       4  startup.o(RESET)
    FIQ_Handler                              0x00000054   ARM Code       4  startup.o(RESET)
    !!!main                                  0x00000110   Section        8  __main.o(!!!main)
    !!!scatter                               0x00000118   Section       60  __scatter.o(!!!scatter)
    !!handler_copy                           0x00000154   Section       40  __scatter_copy.o(!!handler_copy)
    !!handler_zi                             0x0000017c   Section       44  __scatter_zi.o(!!handler_zi)
    .ARM.Collect$$libinit$$00000000          0x000001b0   Section        2  libinit.o(.ARM.Collect$$libinit$$00000000)
    .ARM.Collect$$libinit$$00000002          0x000001b2   Section        0  libinit2.o(.ARM.Collect$$libinit$$00000002)
    .ARM.Collect$$libinit$$00000008          0x000001b2   Section        0  libinit2.o(.ARM.Collect$$libinit$$00000008)
    .ARM.Collect$$libinit$$0000000A          0x000001b2   Section        0  libinit2.o(.ARM.Collect$$libinit$$0000000A)
    .ARM.Collect$$libinit$$0000000C          0x000001b2   Section        0  libinit2.o(.ARM.Collect$$libinit$$0000000C)
    .ARM.Collect$$libinit$$0000000F          0x000001b2   Section        0  libinit2.o(.ARM.Collect$$libinit$$0000000F)
    .ARM.Collect$$libinit$$00000011          0x000001b2   Section        0  libinit2.o(.ARM.Collect$$libinit$$00000011)
    .ARM.Collect$$libinit$$00000013          0x000001b2   Section        0  libinit2.o(.ARM.Collect$$libinit$$00000013)
    .ARM.Collect$$libinit$$00000015          0x000001b2   Section        0  libinit2.o(.ARM.Collect$$libinit$$00000015)
    .ARM.Collect$$libinit$$00000017          0x000001b2   Section        0  libinit2.o(.ARM.Collect$$libinit$$00000017)
    .ARM.Collect$$libinit$$00000019          0x000001b2   Section        0  libinit2.o(.ARM.Collect$$libinit$$00000019)
    .ARM.Collect$$libinit$$0000001B          0x000001b2   Section        0  libinit2.o(.ARM.Collect$$libinit$$0000001B)
    .ARM.Collect$$libinit$$0000001D          0x000001b2   Section        0  libinit2.o(.ARM.Collect$$libinit$$0000001D)
    .ARM.Collect$$libinit$$0000001F          0x000001b2   Section        0  libinit2.o(.ARM.Collect$$libinit$$0000001F)
    .ARM.Collect$$libinit$$00000021          0x000001b2   Section        0  libinit2.o(.ARM.Collect$$libinit$$00000021)
    .ARM.Collect$$libinit$$00000023          0x000001b2   Section        0  libinit2.o(.ARM.Collect$$libinit$$00000023)
    .ARM.Collect$$libinit$$0000002A          0x000001b2   Section        0  libinit2.o(.ARM.Collect$$libinit$$0000002A)
    .ARM.Collect$$libinit$$0000002C          0x000001b2   Section        0  libinit2.o(.ARM.Collect$$libinit$$0000002C)
    .ARM.Collect$$libinit$$0000002E          0x000001b2   Section        0  libinit2.o(.ARM.Collect$$libinit$$0000002E)
    .ARM.Collect$$libinit$$00000030          0x000001b2   Section        0  libinit2.o(.ARM.Collect$$libinit$$00000030)
    .ARM.Collect$$libinit$$00000031          0x000001b2   Section       12  libinit2.o(.ARM.Collect$$libinit$$00000031)
    .ARM.Collect$$libshutdown$$00000000      0x000001c8   Section        4  libshutdown.o(.ARM.Collect$$libshutdown$$00000000)
    .ARM.Collect$$libshutdown$$00000003      0x000001cc   Section        0  libshutdown2.o(.ARM.Collect$$libshutdown$$00000003)
    .ARM.Collect$$libshutdown$$00000006      0x000001cc   Section        0  libshutdown2.o(.ARM.Collect$$libshutdown$$00000006)
    .ARM.Collect$$libshutdown$$00000009      0x000001cc   Section        0  libshutdown2.o(.ARM.Collect$$libshutdown$$00000009)
    .ARM.Collect$$libshutdown$$0000000B      0x000001cc   Section        0  libshutdown2.o(.ARM.Collect$$libshutdown$$0000000B)
    .ARM.Collect$$libshutdown$$0000000E      0x000001cc   Section        0  libshutdown2.o(.ARM.Collect$$libshutdown$$0000000E)
    .ARM.Collect$$libshutdown$$0000000F      0x000001cc   Section        6  libshutdown2.o(.ARM.Collect$$libshutdown$$0000000F)
    .ARM.Collect$$rtentry$$00000000          0x000001d4   Section        0  rtentry.o(.ARM.Collect$$rtentry$$00000000)
    .ARM.Collect$$rtentry$$00000002          0x000001d4   Section        0  rtentry2.o(.ARM.Collect$$rtentry$$00000002)
    .ARM.Collect$$rtentry$$00000004          0x000001d4   Section        8  rtentry4.o(.ARM.Collect$$rtentry$$00000004)
    .ARM.Collect$$rtentry$$00000009          0x000001dc   Section        0  rtentry2.o(.ARM.Collect$$rtentry$$00000009)
    .ARM.Collect$$rtentry$$0000000A          0x000001dc   Section        4  rtentry2.o(.ARM.Collect$$rtentry$$0000000A)
    .ARM.Collect$$rtentry$$0000000C          0x000001e0   Section        0  rtentry2.o(.ARM.Collect$$rtentry$$0000000C)
    .ARM.Collect$$rtentry$$0000000D          0x000001e0   Section       40  rtentry2.o(.ARM.Collect$$rtentry$$0000000D)
    .ARM.Collect$$rtexit$$00000000           0x0000020c   Section        4  rtexit.o(.ARM.Collect$$rtexit$$00000000)
    .ARM.Collect$$rtexit$$00000002           0x00000210   Section        0  rtexit2.o(.ARM.Collect$$rtexit$$00000002)
    .ARM.Collect$$rtexit$$00000003           0x00000210   Section        4  rtexit2.o(.ARM.Collect$$rtexit$$00000003)
    .ARM.Collect$$rtexit$$00000004           0x00000214   Section        8  rtexit2.o(.ARM.Collect$$rtexit$$00000004)
    .text                                    0x0000021c   Section       32  startup.o(.text)
    .text                                    0x0000023c   Section        0  main.o(.text)
    .text                                    0x00000368   Section        0  spi.o(.text)
    .text                                    0x000004c8   Section        0  dacmcp4921.o(.text)
    DAC_MCP4921_InitCSPin                    0x000004c8   ARM Code      32  dacmcp4921.o(.text)
    .text                                    0x000005d4   Section        0  command_decoder.o(.text)
    .text                                    0x000007f8   Section        0  string.o(.text)
    .text                                    0x00000a74   Section        0  uart.o(.text)
    Reciever_PutCharacterToBuffer            0x00000b60   ARM Code     128  uart.o(.text)
    .text                                    0x00000d50   Section        0  mcp23s09.o(.text)
    Port_MCP23S09_InitCSPin                  0x00000d50   ARM Code      32  mcp23s09.o(.text)
    .text                                    0x00000f78   Section      384  aeabi_sdiv.o(.text)
    __arm_div8                               0x00000fa4   ARM Code       0  aeabi_sdiv.o(.text)
    __arm_div5                               0x00000fc8   ARM Code       0  aeabi_sdiv.o(.text)
    __arm_div2                               0x00000fec   ARM Code       0  aeabi_sdiv.o(.text)
    __arm_div_large                          0x00001028   ARM Code       0  aeabi_sdiv.o(.text)
    .text                                    0x000010f8   Section        0  heapauxi.o(.text)
    .text                                    0x00001100   Section       96  sys_stackheap_outer.o(.text)
    .text                                    0x00001160   Section        0  exit.o(.text)
    .text                                    0x0000116c   Section       12  libspace.o(.text)
    .text                                    0x00001180   Section        0  sys_exit.o(.text)
    .text                                    0x0000118c   Section        4  use_no_semi.o(.text)
    .text                                    0x00001190   Section        0  indicate_semi.o(.text)
    .text_udiv                               0x00001190   Section       36  aeabi_sdiv.o(.text_udiv)
    .constdata                               0x000011b4   Section       15  main.o(.constdata)
    .data                                    0x40000000   Section        1  main.o(.data)
    .data                                    0x40000001   Section        2  dacmcp4921.o(.data)
    spiFrameParams                           0x40000001   Data           2  dacmcp4921.o(.data)
    .data                                    0x40000003   Section       60  command_decoder.o(.data)
    .data                                    0x4000003f   Section        2  mcp23s09.o(.data)
    spiFrameParams                           0x4000003f   Data           2  mcp23s09.o(.data)
    .bss                                     0x40000044   Section       16  main.o(.bss)
    .bss                                     0x40000054   Section       36  dacmcp4921.o(.bss)
    spiTransactionParams                     0x40000054   Data          16  dacmcp4921.o(.bss)
    .bss                                     0x40000078   Section      205  uart.o(.bss)
    .bss                                     0x40000148   Section       36  mcp23s09.o(.bss)
    spiTransactionParams                     0x40000148   Data          16  mcp23s09.o(.bss)
    txBuf                                    0x40000158   Data          10  mcp23s09.o(.bss)
    rxBuf                                    0x40000162   Data          10  mcp23s09.o(.bss)
    .bss                                     0x4000016c   Section       96  libspace.o(.bss)
    HEAP                                     0x400001d0   Section        0  startup.o(HEAP)
    STACK                                    0x400001d0   Section     1160  startup.o(STACK)
    Heap_Mem                                 0x400001d0   Data           0  startup.o(HEAP)
    Stack_Mem                                0x400001d0   Data        1024  startup.o(STACK)
    Stack_Top                                0x40000658   Data           0  startup.o(STACK)

    Global Symbols

    Symbol Name                              Value     Ov Type        Size  Object(Section)

    BuildAttributes$$THM_ISAv1$ARM_ISAv4$S$PE$A:L22$X:L11$S22$IEEE1$IW$USESV6$~STKCKD$USESV7$~SHL$OSPACE$ROPI$EBA8$UX$STANDARDLIB$REQ8$PRES8$EABIv2 0x00000000   Number         0  anon$$obj.o ABSOLUTE
    __ARM_use_no_argv                        0x00000000   Number         0  main.o ABSOLUTE
    __ARM_exceptions_init                     - Undefined Weak Reference
    __alloca_initialize                       - Undefined Weak Reference
    __cpp_initialize__aeabi_                  - Undefined Weak Reference
    __cxa_finalize                            - Undefined Weak Reference
    __rt_locale                               - Undefined Weak Reference
    __sigvec_lookup                           - Undefined Weak Reference
    _atexit_init                              - Undefined Weak Reference
    _call_atexit_fns                          - Undefined Weak Reference
    _clock_init                               - Undefined Weak Reference
    _fp_trap_init                             - Undefined Weak Reference
    _fp_trap_shutdown                         - Undefined Weak Reference
    _get_lc_collate                           - Undefined Weak Reference
    _get_lc_ctype                             - Undefined Weak Reference
    _get_lc_monetary                          - Undefined Weak Reference
    _get_lc_numeric                           - Undefined Weak Reference
    _get_lc_time                              - Undefined Weak Reference
    _getenv_init                              - Undefined Weak Reference
    _handle_redirection                       - Undefined Weak Reference
    _init_alloc                               - Undefined Weak Reference
    _init_user_alloc                          - Undefined Weak Reference
    _initio                                   - Undefined Weak Reference
    _rand_init                                - Undefined Weak Reference
    _signal_finish                            - Undefined Weak Reference
    _signal_init                              - Undefined Weak Reference
    _terminate_alloc                          - Undefined Weak Reference
    _terminate_user_alloc                     - Undefined Weak Reference
    _terminateio                              - Undefined Weak Reference
    Reset_Handler                            0x00000058   ARM Code       0  startup.o(RESET)
    __main                                   0x00000110   ARM Code       8  __main.o(!!!main)
    __scatterload                            0x00000118   ARM Code       0  __scatter.o(!!!scatter)
    __scatterload_rt2                        0x00000118   ARM Code      52  __scatter.o(!!!scatter)
    __scatterload_null                       0x0000012c   ARM Code       0  __scatter.o(!!!scatter)
    __scatterload_copy                       0x00000154   ARM Code      40  __scatter_copy.o(!!handler_copy)
    __scatterload_zeroinit                   0x0000017c   ARM Code      44  __scatter_zi.o(!!handler_zi)
    Inline ARM to Thumb Veneer to __rt_lib_init 0x000001a8   ARM Code       8  libinit.o(.ARM.Collect$$libinit$$00000000)
    __rt_lib_init                            0x000001b1   Thumb Code     0  libinit.o(.ARM.Collect$$libinit$$00000000)
    __rt_lib_init_alloca_1                   0x000001b3   Thumb Code     0  libinit2.o(.ARM.Collect$$libinit$$0000002C)
    __rt_lib_init_argv_1                     0x000001b3   Thumb Code     0  libinit2.o(.ARM.Collect$$libinit$$0000002A)
    __rt_lib_init_atexit_1                   0x000001b3   Thumb Code     0  libinit2.o(.ARM.Collect$$libinit$$00000019)
    __rt_lib_init_clock_1                    0x000001b3   Thumb Code     0  libinit2.o(.ARM.Collect$$libinit$$0000001F)
    __rt_lib_init_cpp_1                      0x000001b3   Thumb Code     0  libinit2.o(.ARM.Collect$$libinit$$00000030)
    __rt_lib_init_exceptions_1               0x000001b3   Thumb Code     0  libinit2.o(.ARM.Collect$$libinit$$0000002E)
    __rt_lib_init_fp_1                       0x000001b3   Thumb Code     0  libinit2.o(.ARM.Collect$$libinit$$00000002)
    __rt_lib_init_fp_trap_1                  0x000001b3   Thumb Code     0  libinit2.o(.ARM.Collect$$libinit$$0000001D)
    __rt_lib_init_getenv_1                   0x000001b3   Thumb Code     0  libinit2.o(.ARM.Collect$$libinit$$00000021)
    __rt_lib_init_heap_1                     0x000001b3   Thumb Code     0  libinit2.o(.ARM.Collect$$libinit$$00000008)
    __rt_lib_init_lc_collate_1               0x000001b3   Thumb Code     0  libinit2.o(.ARM.Collect$$libinit$$0000000F)
    __rt_lib_init_lc_ctype_1                 0x000001b3   Thumb Code     0  libinit2.o(.ARM.Collect$$libinit$$00000011)
    __rt_lib_init_lc_monetary_1              0x000001b3   Thumb Code     0  libinit2.o(.ARM.Collect$$libinit$$00000013)
    __rt_lib_init_lc_numeric_1               0x000001b3   Thumb Code     0  libinit2.o(.ARM.Collect$$libinit$$00000015)
    __rt_lib_init_lc_time_1                  0x000001b3   Thumb Code     0  libinit2.o(.ARM.Collect$$libinit$$00000017)
    __rt_lib_init_rand_1                     0x000001b3   Thumb Code     0  libinit2.o(.ARM.Collect$$libinit$$0000000C)
    __rt_lib_init_return                     0x000001b3   Thumb Code     0  libinit2.o(.ARM.Collect$$libinit$$00000031)
    __rt_lib_init_signal_1                   0x000001b3   Thumb Code     0  libinit2.o(.ARM.Collect$$libinit$$0000001B)
    __rt_lib_init_stdio_1                    0x000001b3   Thumb Code     0  libinit2.o(.ARM.Collect$$libinit$$00000023)
    __rt_lib_init_user_alloc_1               0x000001b3   Thumb Code     0  libinit2.o(.ARM.Collect$$libinit$$0000000A)
    Inline ARM to Thumb Veneer to __rt_lib_shutdown 0x000001c0   ARM Code       8  libshutdown.o(.ARM.Collect$$libshutdown$$00000000)
    __rt_lib_shutdown                        0x000001c9   Thumb Code     0  libshutdown.o(.ARM.Collect$$libshutdown$$00000000)
    __rt_lib_shutdown_fp_trap_1              0x000001cd   Thumb Code     0  libshutdown2.o(.ARM.Collect$$libshutdown$$00000006)
    __rt_lib_shutdown_heap_1                 0x000001cd   Thumb Code     0  libshutdown2.o(.ARM.Collect$$libshutdown$$0000000E)
    __rt_lib_shutdown_return                 0x000001cd   Thumb Code     0  libshutdown2.o(.ARM.Collect$$libshutdown$$0000000F)
    __rt_lib_shutdown_signal_1               0x000001cd   Thumb Code     0  libshutdown2.o(.ARM.Collect$$libshutdown$$00000009)
    __rt_lib_shutdown_stdio_1                0x000001cd   Thumb Code     0  libshutdown2.o(.ARM.Collect$$libshutdown$$00000003)
    __rt_lib_shutdown_user_alloc_1           0x000001cd   Thumb Code     0  libshutdown2.o(.ARM.Collect$$libshutdown$$0000000B)
    __rt_entry                               0x000001d4   ARM Code       0  rtentry.o(.ARM.Collect$$rtentry$$00000000)
    __rt_entry_presh_1                       0x000001d4   ARM Code       0  rtentry2.o(.ARM.Collect$$rtentry$$00000002)
    __rt_entry_sh                            0x000001d4   ARM Code       0  rtentry4.o(.ARM.Collect$$rtentry$$00000004)
    __rt_entry_li                            0x000001dc   ARM Code       0  rtentry2.o(.ARM.Collect$$rtentry$$0000000A)
    __rt_entry_postsh_1                      0x000001dc   ARM Code       0  rtentry2.o(.ARM.Collect$$rtentry$$00000009)
    __rt_entry_main                          0x000001e0   ARM Code       0  rtentry2.o(.ARM.Collect$$rtentry$$0000000D)
    __rt_entry_postli_1                      0x000001e0   ARM Code       0  rtentry2.o(.ARM.Collect$$rtentry$$0000000C)
    Inline Thumb to ARM Veneer to __rt_exit  0x00000209   Thumb Code     4  rtexit.o(.ARM.Collect$$rtexit$$00000000)
    __rt_exit                                0x0000020c   ARM Code       0  rtexit.o(.ARM.Collect$$rtexit$$00000000)
    __rt_exit_ls                             0x00000210   ARM Code       0  rtexit2.o(.ARM.Collect$$rtexit$$00000003)
    __rt_exit_prels_1                        0x00000210   ARM Code       0  rtexit2.o(.ARM.Collect$$rtexit$$00000002)
    __rt_exit_exit                           0x00000214   ARM Code       0  rtexit2.o(.ARM.Collect$$rtexit$$00000004)
    __user_initial_stackheap                 0x0000021c   ARM Code       0  startup.o(.text)
    main                                     0x0000023c   ARM Code     284  main.o(.text)
    SPI_ConfigMaster                         0x00000368   ARM Code     112  spi.o(.text)
    SPI_ExecuteTransaction                   0x000003d8   ARM Code     232  spi.o(.text)
    DAC_MCP4921_Init                         0x000004e8   ARM Code     152  dacmcp4921.o(.text)
    DAC_MCP4921_Set_Adv                      0x00000580   ARM Code      64  dacmcp4921.o(.text)
    ucFindTokensInString                     0x000005d4   ARM Code     224  command_decoder.o(.text)
    eStringToKeyword                         0x000006b4   ARM Code     104  command_decoder.o(.text)
    DecodeTokens                             0x0000071c   ARM Code     156  command_decoder.o(.text)
    DecodeMsg                                0x000007b8   ARM Code      52  command_decoder.o(.text)
    CopyString                               0x000007f8   ARM Code      72  string.o(.text)
    eCompareString                           0x00000840   ARM Code      68  string.o(.text)
    AppendString                             0x00000884   ARM Code      60  string.o(.text)
    ReplaceCharactersInString                0x000008c0   ARM Code      52  string.o(.text)
    UIntToHexStr                             0x000008f4   ARM Code     120  string.o(.text)
    eHexStringToUInt                         0x0000096c   ARM Code     204  string.o(.text)
    AppendUIntToString                       0x00000a38   ARM Code      60  string.o(.text)
    Transmiter_GetCharacterFromBuffer        0x00000a74   ARM Code     164  uart.o(.text)
    Transmiter_SendString                    0x00000b18   ARM Code      60  uart.o(.text)
    Transmiter_GetStatus                     0x00000b54   ARM Code      12  uart.o(.text)
    UART0_Interrupt                          0x00000be0   ARM Code      88  uart.o(.text)
    UART_InitWithInt                         0x00000c38   ARM Code     164  uart.o(.text)
    eReciever_GetStatus                      0x00000cdc   ARM Code      12  uart.o(.text)
    Reciever_GetStringCopy                   0x00000ce8   ARM Code      84  uart.o(.text)
    MCP23S09_Init                            0x00000d70   ARM Code     104  mcp23s09.o(.text)
    Port_MCP23S09_Set                        0x00000dd8   ARM Code     176  mcp23s09.o(.text)
    Port_MCP23S09_Get                        0x00000e88   ARM Code     220  mcp23s09.o(.text)
    __aeabi_idiv                             0x00000f78   ARM Code       0  aeabi_sdiv.o(.text)
    __aeabi_idivmod                          0x00000f78   ARM Code     384  aeabi_sdiv.o(.text)
    __use_two_region_memory                  0x000010f9   Thumb Code     2  heapauxi.o(.text)
    __rt_heap_escrow$2region                 0x000010fb   Thumb Code     2  heapauxi.o(.text)
    __rt_heap_expand$2region                 0x000010fd   Thumb Code     2  heapauxi.o(.text)
    __user_setup_stackheap                   0x00001100   ARM Code      96  sys_stackheap_outer.o(.text)
    exit                                     0x00001161   Thumb Code    12  exit.o(.text)
    __user_libspace                          0x0000116c   ARM Code      12  libspace.o(.text)
    __user_perproc_libspace                  0x0000116c   ARM Code       0  libspace.o(.text)
    __user_perthread_libspace                0x0000116c   ARM Code       0  libspace.o(.text)
    Inline ARM to Thumb Veneer to _sys_exit  0x00001178   ARM Code       8  sys_exit.o(.text)
    _sys_exit                                0x00001181   Thumb Code     8  sys_exit.o(.text)
    __I$use$semihosting                      0x0000118c   ARM Code       0  use_no_semi.o(.text)
    __use_no_semihosting_swi                 0x0000118c   ARM Code       4  use_no_semi.o(.text)
    __aeabi_uidiv                            0x00001190   ARM Code       0  aeabi_sdiv.o(.text_udiv)
    __aeabi_uidivmod                         0x00001190   ARM Code      36  aeabi_sdiv.o(.text_udiv)
    __semihosting_library_function           0x00001190   ARM Code       0  indicate_semi.o(.text)
    Region$$Table$$Base                      0x000011c4   Number         0  anon$$obj.o(Region$$Table)
    Region$$Table$$Limit                     0x000011e4   Number         0  anon$$obj.o(Region$$Table)
    ucTokenNr                                0x40000000   Data           1  main.o(.data)
    asKeywordList                            0x40000003   Data          60  command_decoder.o(.data)
    asToken                                  0x40000044   Data          16  main.o(.bss)
    txBuf                                    0x40000064   Data          10  dacmcp4921.o(.bss)
    rxBuf                                    0x4000006e   Data          10  dacmcp4921.o(.bss)
    sTransmiterBuffer                        0x40000078   Data         103  uart.o(.bss)
    sRxBuffer                                0x400000df   Data         102  uart.o(.bss)
    __libspace_start                         0x4000016c   Data          96  libspace.o(.bss)
    __temporary_stack_top$libspace           0x400001cc   Data           0  libspace.o(.bss)



==============================================================================

Memory Map of the image

  Image Entry point : 0x00000110

  Load Region LR_IROM1 (Base: 0x00000000, Size: 0x00001228, Max: 0x00040000, ABSOLUTE)

    Execution Region ER_IROM1 (Base: 0x00000000, Size: 0x000011e4, Max: 0x00040000, ABSOLUTE)

    Base Addr    Size         Type   Attr      Idx    E Section Name        Object

    0x00000000   0x00000110   Code   RO            3    RESET               startup.o
    0x00000110   0x00000008   Code   RO          217  * !!!main             c_t.l(__main.o)
    0x00000118   0x0000003c   Code   RO          383    !!!scatter          c_t.l(__scatter.o)
    0x00000154   0x00000028   Code   RO          385    !!handler_copy      c_t.l(__scatter_copy.o)
    0x0000017c   0x0000002c   Code   RO          387    !!handler_zi        c_t.l(__scatter_zi.o)
    0x000001a8   0x00000008   Ven    RO          254    .ARM.Collect$$libinit$$00000000  c_t.l(libinit.o)
    0x000001b0   0x00000002   Code   RO          254    .ARM.Collect$$libinit$$00000000  c_t.l(libinit.o)
    0x000001b2   0x00000000   Code   RO          267    .ARM.Collect$$libinit$$00000002  c_t.l(libinit2.o)
    0x000001b2   0x00000000   Code   RO          270    .ARM.Collect$$libinit$$00000008  c_t.l(libinit2.o)
    0x000001b2   0x00000000   Code   RO          272    .ARM.Collect$$libinit$$0000000A  c_t.l(libinit2.o)
    0x000001b2   0x00000000   Code   RO          274    .ARM.Collect$$libinit$$0000000C  c_t.l(libinit2.o)
    0x000001b2   0x00000000   Code   RO          277    .ARM.Collect$$libinit$$0000000F  c_t.l(libinit2.o)
    0x000001b2   0x00000000   Code   RO          279    .ARM.Collect$$libinit$$00000011  c_t.l(libinit2.o)
    0x000001b2   0x00000000   Code   RO          281    .ARM.Collect$$libinit$$00000013  c_t.l(libinit2.o)
    0x000001b2   0x00000000   Code   RO          283    .ARM.Collect$$libinit$$00000015  c_t.l(libinit2.o)
    0x000001b2   0x00000000   Code   RO          285    .ARM.Collect$$libinit$$00000017  c_t.l(libinit2.o)
    0x000001b2   0x00000000   Code   RO          287    .ARM.Collect$$libinit$$00000019  c_t.l(libinit2.o)
    0x000001b2   0x00000000   Code   RO          289    .ARM.Collect$$libinit$$0000001B  c_t.l(libinit2.o)
    0x000001b2   0x00000000   Code   RO          291    .ARM.Collect$$libinit$$0000001D  c_t.l(libinit2.o)
    0x000001b2   0x00000000   Code   RO          293    .ARM.Collect$$libinit$$0000001F  c_t.l(libinit2.o)
    0x000001b2   0x00000000   Code   RO          295    .ARM.Collect$$libinit$$00000021  c_t.l(libinit2.o)
    0x000001b2   0x00000000   Code   RO          297    .ARM.Collect$$libinit$$00000023  c_t.l(libinit2.o)
    0x000001b2   0x00000000   Code   RO          301    .ARM.Collect$$libinit$$0000002A  c_t.l(libinit2.o)
    0x000001b2   0x00000000   Code   RO          303    .ARM.Collect$$libinit$$0000002C  c_t.l(libinit2.o)
    0x000001b2   0x00000000   Code   RO          305    .ARM.Collect$$libinit$$0000002E  c_t.l(libinit2.o)
    0x000001b2   0x00000000   Code   RO          307    .ARM.Collect$$libinit$$00000030  c_t.l(libinit2.o)
    0x000001b2   0x0000000c   Code   RO          308    .ARM.Collect$$libinit$$00000031  c_t.l(libinit2.o)
    0x000001be   0x00000002   PAD
    0x000001c0   0x00000008   Ven    RO          341    .ARM.Collect$$libshutdown$$00000000  c_t.l(libshutdown.o)
    0x000001c8   0x00000004   Code   RO          341    .ARM.Collect$$libshutdown$$00000000  c_t.l(libshutdown.o)
    0x000001cc   0x00000000   Code   RO          368    .ARM.Collect$$libshutdown$$00000003  c_t.l(libshutdown2.o)
    0x000001cc   0x00000000   Code   RO          371    .ARM.Collect$$libshutdown$$00000006  c_t.l(libshutdown2.o)
    0x000001cc   0x00000000   Code   RO          374    .ARM.Collect$$libshutdown$$00000009  c_t.l(libshutdown2.o)
    0x000001cc   0x00000000   Code   RO          376    .ARM.Collect$$libshutdown$$0000000B  c_t.l(libshutdown2.o)
    0x000001cc   0x00000000   Code   RO          379    .ARM.Collect$$libshutdown$$0000000E  c_t.l(libshutdown2.o)
    0x000001cc   0x00000006   Code   RO          380    .ARM.Collect$$libshutdown$$0000000F  c_t.l(libshutdown2.o)
    0x000001d2   0x00000002   PAD
    0x000001d4   0x00000000   Code   RO          219    .ARM.Collect$$rtentry$$00000000  c_t.l(rtentry.o)
    0x000001d4   0x00000000   Code   RO          225    .ARM.Collect$$rtentry$$00000002  c_t.l(rtentry2.o)
    0x000001d4   0x00000008   Code   RO          237    .ARM.Collect$$rtentry$$00000004  c_t.l(rtentry4.o)
    0x000001dc   0x00000000   Code   RO          227    .ARM.Collect$$rtentry$$00000009  c_t.l(rtentry2.o)
    0x000001dc   0x00000004   Code   RO          228    .ARM.Collect$$rtentry$$0000000A  c_t.l(rtentry2.o)
    0x000001e0   0x00000000   Code   RO          230    .ARM.Collect$$rtentry$$0000000C  c_t.l(rtentry2.o)
    0x000001e0   0x00000028   Code   RO          231    .ARM.Collect$$rtentry$$0000000D  c_t.l(rtentry2.o)
    0x00000208   0x00000004   Ven    RO          258    .ARM.Collect$$rtexit$$00000000  c_t.l(rtexit.o)
    0x0000020c   0x00000004   Code   RO          258    .ARM.Collect$$rtexit$$00000000  c_t.l(rtexit.o)
    0x00000210   0x00000000   Code   RO          312    .ARM.Collect$$rtexit$$00000002  c_t.l(rtexit2.o)
    0x00000210   0x00000004   Code   RO          313    .ARM.Collect$$rtexit$$00000003  c_t.l(rtexit2.o)
    0x00000214   0x00000008   Code   RO          314    .ARM.Collect$$rtexit$$00000004  c_t.l(rtexit2.o)
    0x0000021c   0x00000020   Code   RO            4    .text               startup.o
    0x0000023c   0x0000012c   Code   RO           45    .text               main.o
    0x00000368   0x00000160   Code   RO           80    .text               spi.o
    0x000004c8   0x0000010c   Code   RO          111    .text               dacmcp4921.o
    0x000005d4   0x00000224   Code   RO          127    .text               command_decoder.o
    0x000007f8   0x0000027c   Code   RO          150    .text               string.o
    0x00000a74   0x000002dc   Code   RO          164    .text               uart.o
    0x00000d50   0x00000228   Code   RO          182    .text               mcp23s09.o
    0x00000f78   0x00000180   Code   RO          199    .text               c_t.l(aeabi_sdiv.o)
    0x000010f8   0x00000006   Code   RO          215    .text               c_t.l(heapauxi.o)
    0x000010fe   0x00000002   PAD
    0x00001100   0x00000060   Code   RO          241    .text               c_t.l(sys_stackheap_outer.o)
    0x00001160   0x0000000c   Code   RO          243    .text               c_t.l(exit.o)
    0x0000116c   0x0000000c   Code   RO          255    .text               c_t.l(libspace.o)
    0x00001178   0x00000008   Ven    RO          309    .text               c_t.l(sys_exit.o)
    0x00001180   0x0000000c   Code   RO          309    .text               c_t.l(sys_exit.o)
    0x0000118c   0x00000004   Code   RO          330    .text               c_t.l(use_no_semi.o)
    0x00001190   0x00000000   Code   RO          332    .text               c_t.l(indicate_semi.o)
    0x00001190   0x00000024   Code   RO          200    .text_udiv          c_t.l(aeabi_sdiv.o)
    0x000011b4   0x0000000f   Data   RO           47    .constdata          main.o
    0x000011c3   0x00000001   PAD
    0x000011c4   0x00000020   Data   RO          381    Region$$Table       anon$$obj.o


    Execution Region RW_IRAM1 (Base: 0x40000000, Size: 0x00000658, Max: 0x00004000, ABSOLUTE)

    Base Addr    Size         Type   Attr      Idx    E Section Name        Object

    0x40000000   0x00000001   Data   RW           48    .data               main.o
    0x40000001   0x00000002   Data   RW          113    .data               dacmcp4921.o
    0x40000003   0x0000003c   Data   RW          128    .data               command_decoder.o
    0x4000003f   0x00000002   Data   RW          184    .data               mcp23s09.o
    0x40000041   0x00000003   PAD
    0x40000044   0x00000010   Zero   RW           46    .bss                main.o
    0x40000054   0x00000024   Zero   RW          112    .bss                dacmcp4921.o
    0x40000078   0x000000cd   Zero   RW          165    .bss                uart.o
    0x40000145   0x00000003   PAD
    0x40000148   0x00000024   Zero   RW          183    .bss                mcp23s09.o
    0x4000016c   0x00000060   Zero   RW          256    .bss                c_t.l(libspace.o)
    0x400001cc   0x00000004   PAD
    0x400001d0   0x00000000   Zero   RW            2    HEAP                startup.o
    0x400001d0   0x00000488   Zero   RW            1    STACK               startup.o


==============================================================================

Image component sizes


      Code (inc. data)   RO Data    RW Data    ZI Data      Debug   Object Name

       548         12          0         60          0       2587   command_decoder.o
       268         20          0          2         36       1717   dacmcp4921.o
         0          0          0          0          0       1444   keyboard.o
       300         16         15          1         16       2907   main.o
       552         20          0          2         36       2020   mcp23s09.o
       352          8          0          0          0       1330   spi.o
       304         60          0          0       1160        564   startup.o
       636          0          0          0          0       2716   string.o
       732         20          0          0        205       3649   uart.o

    ----------------------------------------------------------------------
      3692        156         48         68       1456      18934   Object Totals
         0          0         32          0          0          0   (incl. Generated)
         0          0          1          3          3          0   (incl. Padding)

    ----------------------------------------------------------------------

      Code (inc. data)   RO Data    RW Data    ZI Data      Debug   Library Member Name

         8          0          0          0          0         68   __main.o
        60          8          0          0          0          0   __scatter.o
        40          0          0          0          0          0   __scatter_copy.o
        44          0          0          0          0          0   __scatter_zi.o
       420          0          0          0          0        148   aeabi_sdiv.o
        12          0          0          0          0         64   exit.o
         6          0          0          0          0        136   heapauxi.o
         0          0          0          0          0          0   indicate_semi.o
        10          0          0          0          0          0   libinit.o
        12          0          0          0          0          0   libinit2.o
        12          0          0          0          0          0   libshutdown.o
         6          0          0          0          0          0   libshutdown2.o
        12          4          0          0         96         68   libspace.o
         0          0          0          0          0          0   rtentry.o
        44          4          0          0          0          0   rtentry2.o
         8          0          0          0          0          0   rtentry4.o
         8          0          0          0          0          0   rtexit.o
        12          0          0          0          0          0   rtexit2.o
        20          4          0          0          0         60   sys_exit.o
        96          0          0          0          0         80   sys_stackheap_outer.o
         4          0          0          0          0         68   use_no_semi.o

    ----------------------------------------------------------------------
       840         20          0          0        100        692   Library Totals
         6          0          0          0          4          0   (incl. Padding)

    ----------------------------------------------------------------------

      Code (inc. data)   RO Data    RW Data    ZI Data      Debug   Library Name

       834         20          0          0         96        692   c_t.l

    ----------------------------------------------------------------------
       840         20          0          0        100        692   Library Totals

    ----------------------------------------------------------------------

==============================================================================


      Code (inc. data)   RO Data    RW Data    ZI Data      Debug   

      4532        176         48         68       1556      18966   Grand Totals
      4532        176         48         68       1556      18966   ELF Image Totals
      4532        176         48         68          0          0   ROM Totals

==============================================================================

    Total RO  Size (Code + RO Data)                 4580 (   4.47kB)
    Total RW  Size (RW Data + ZI Data)              1624 (   1.59kB)
    Total ROM Size (Code + RO Data + RW Data)       4648 (   4.54kB)

==============================================================================

