<html>
<body>
<pre>
<h1>µVision Build Log</h1>
<h2>Project:</h2>
C:\Users\lukasz\Desktop\AGH\7_SEMESTR\ARMY\LukaszUszkoARMCurrent\SERIAL_INTERFACES\SPI_Basic\SPI.uvproj
Project File Date:  10/15/2014

<h2>Output:</h2>
Build target 'Target 1'
compiling main.c...
spi.h(4): warning:  #1-D: last line of file ends without a newline
compiling spi.c...
spi.h(4): warning:  #1-D: last line of file ends without a newline
spi.c(22): warning:  #1-D: last line of file ends without a newline
spi.c(10): warning:  #177-D: function "spiPinoutInit" was declared but never referenced
linking...
Program Size: Code=692 RO-data=16 RW-data=0 ZI-data=1256  
FromELF: creating hex file...
".\SPI.axf" - 0 Errors, 4 Warning(s).
Build target 'Target 1'
compiling spi.c...
spi.h(4): warning:  #1-D: last line of file ends without a newline
spi.c(23): error:  #20: identifier "SPDR" is undefined
spi.c(25): error:  #20: identifier "SPSR" is undefined
spi.c(25): error:  #20: identifier "SPIF" is undefined
spi.c(27): warning:  #1-D: last line of file ends without a newline
spi.c(10): warning:  #177-D: function "spiPinoutInit" was declared but never referenced
".\SPI.axf" - 3 Errors, 3 Warning(s).
Target not created
Build target 'Target 1'
compiling spi.c...
spi.h(4): warning:  #1-D: last line of file ends without a newline
spi.c(26): error:  #20: identifier "SPIF" is undefined
spi.c(28): warning:  #1-D: last line of file ends without a newline
spi.c(11): warning:  #177-D: function "spiPinoutInit" was declared but never referenced
".\SPI.axf" - 1 Errors, 3 Warning(s).
Target not created
Build target 'Target 1'
compiling spi.c...
spi.h(4): warning:  #1-D: last line of file ends without a newline
spi.c(52): warning:  #1-D: last line of file ends without a newline
spi.c(32): warning:  #177-D: function "spiPinoutInit" was declared but never referenced
linking...
Program Size: Code=692 RO-data=16 RW-data=0 ZI-data=1256  
FromELF: creating hex file...
".\SPI.axf" - 0 Errors, 3 Warning(s).
Build target 'Target 1'
compiling spi.c...
spi.h(4): warning:  #1-D: last line of file ends without a newline
spi.c(32): warning:  #177-D: function "spiPinoutInit" was declared but never referenced
linking...
Program Size: Code=692 RO-data=16 RW-data=0 ZI-data=1256  
FromELF: creating hex file...
".\SPI.axf" - 0 Errors, 2 Warning(s).
Build target 'Target 1'
compiling spi.c...
spi.h(4): warning:  #1-D: last line of file ends without a newline
spi.c(32): warning:  #177-D: function "spiPinoutInit" was declared but never referenced
linking...
Program Size: Code=692 RO-data=16 RW-data=0 ZI-data=1256  
FromELF: creating hex file...
".\SPI.axf" - 0 Errors, 2 Warning(s).
Build target 'Target 1'
compiling spi.c...
spi.h(4): warning:  #1-D: last line of file ends without a newline
spi.c(32): warning:  #177-D: function "spiPinoutInit" was declared but never referenced
linking...
Program Size: Code=692 RO-data=16 RW-data=0 ZI-data=1256  
FromELF: creating hex file...
".\SPI.axf" - 0 Errors, 2 Warning(s).
Build target 'Target 1'
compiling main.c...
compiling spi.c...
spi.c(54): warning:  #1-D: last line of file ends without a newline
spi.c(32): warning:  #177-D: function "spiPinoutInit" was declared but never referenced
linking...
Program Size: Code=692 RO-data=16 RW-data=0 ZI-data=1256  
FromELF: creating hex file...
".\SPI.axf" - 0 Errors, 2 Warning(s).
Build target 'Target 1'
compiling spi.c...
spi.c(49): error:  #20: identifier "IO0RST" is undefined
spi.c(53): warning:  #1-D: last line of file ends without a newline
spi.c(32): warning:  #177-D: function "spiInit" was declared but never referenced
".\SPI.axf" - 1 Errors, 2 Warning(s).
Target not created
Build target 'Target 1'
compiling spi.c...
spi.c(59): warning:  #1-D: last line of file ends without a newline
compiling timer_interrupts.c...
linking...
Program Size: Code=692 RO-data=16 RW-data=0 ZI-data=1256  
FromELF: creating hex file...
".\SPI.axf" - 0 Errors, 1 Warning(s).
Build target 'Target 1'
compiling main.c...
main.c(8): error:  #5: cannot open source input file "timer_interrupt.h": No such file or directory
compiling timer_interrupts.c...
".\SPI.axf" - 1 Errors, 0 Warning(s).
Target not created
Rebuild target 'Target 1'
assembling Startup.s...
compiling keyboard.c...
compiling led.c...
compiling main.c...
compiling spi.c...
spi.c(59): warning:  #1-D: last line of file ends without a newline
compiling timer_interrupts.c...
linking...
Program Size: Code=692 RO-data=16 RW-data=0 ZI-data=1256  
FromELF: creating hex file...
".\SPI.axf" - 0 Errors, 1 Warning(s).
Build target 'Target 1'
compiling main.c...
main.c(17): error:  #65: expected a ";"
compiling timer_interrupts.c...
".\SPI.axf" - 1 Errors, 0 Warning(s).
Target not created
Build target 'Target 1'
compiling main.c...
linking...
Program Size: Code=1244 RO-data=32 RW-data=16 ZI-data=1256  
FromELF: creating hex file...
".\SPI.axf" - 0 Errors, 0 Warning(s).
Build target 'Target 1'
compiling main.c...
compiling timer_interrupts.c...
linking...
Program Size: Code=1360 RO-data=32 RW-data=20 ZI-data=1260  
FromELF: creating hex file...
".\SPI.axf" - 0 Errors, 0 Warning(s).
Rebuild target 'Target 1'
assembling Startup.s...
compiling keyboard.c...
compiling led.c...
compiling main.c...
compiling spi.c...
spi.c(59): warning:  #1-D: last line of file ends without a newline
compiling timer_interrupts.c...
linking...
Program Size: Code=1360 RO-data=32 RW-data=20 ZI-data=1260  
FromELF: creating hex file...
".\SPI.axf" - 0 Errors, 1 Warning(s).
Build target 'Target 1'
compiling main.c...
main.c(18): warning:  #111-D: statement is unreachable
linking...
Program Size: Code=1352 RO-data=32 RW-data=20 ZI-data=1260  
FromELF: creating hex file...
".\SPI.axf" - 0 Errors, 1 Warning(s).
Build target 'Target 1'
compiling main.c...
main.c(18): warning:  #111-D: statement is unreachable
linking...
Program Size: Code=1356 RO-data=32 RW-data=20 ZI-data=1260  
FromELF: creating hex file...
".\SPI.axf" - 0 Errors, 1 Warning(s).
Build target 'Target 1'
compiling main.c...
main.c(14): error:  #20: identifier "uiAdcValue" is undefined
main.c(17): error:  #20: identifier "uiAdcValue" is undefined
main.c(20): error:  #20: identifier "uiAdcValue" is undefined
main.c(23): error:  #20: identifier "uiAdcValue" is undefined
main.c(29): warning:  #167-D: argument of type "void (*)(void)" is incompatible with parameter of type "void (*)(unsigned int)"
main.c(32): warning:  #111-D: statement is unreachable
compiling timer_interrupts.c...
timer_interrupts.c(37): error:  #147-D: declaration is incompatible with "void Timer0Interrupts_Init(unsigned int, void (*)(unsigned int))" (declared at line 1 of "timer_interrupts.h")
".\SPI.axf" - 5 Errors, 2 Warning(s).
Target not created
Build target 'Target 1'
compiling main.c...
main.c(31): warning:  #167-D: argument of type "void (*)(void)" is incompatible with parameter of type "void (*)(unsigned int)"
main.c(34): warning:  #111-D: statement is unreachable
compiling timer_interrupts.c...
timer_interrupts.c(37): error:  #147-D: declaration is incompatible with "void Timer0Interrupts_Init(unsigned int, void (*)(unsigned int))" (declared at line 1 of "timer_interrupts.h")
".\SPI.axf" - 1 Errors, 2 Warning(s).
Target not created
Rebuild target 'Target 1'
assembling Startup.s...
compiling keyboard.c...
compiling led.c...
compiling main.c...
main.c(31): warning:  #167-D: argument of type "void (*)(void)" is incompatible with parameter of type "void (*)(unsigned int)"
main.c(34): warning:  #111-D: statement is unreachable
compiling spi.c...
spi.c(59): warning:  #1-D: last line of file ends without a newline
compiling timer_interrupts.c...
timer_interrupts.c(37): error:  #147-D: declaration is incompatible with "void Timer0Interrupts_Init(unsigned int, void (*)(unsigned int))" (declared at line 1 of "timer_interrupts.h")
".\SPI.axf" - 1 Errors, 3 Warning(s).
Target not created
Rebuild target 'Target 1'
assembling Startup.s...
compiling keyboard.c...
compiling led.c...
compiling main.c...
main.c(34): warning:  #111-D: statement is unreachable
compiling spi.c...
spi.c(59): warning:  #1-D: last line of file ends without a newline
compiling timer_interrupts.c...
linking...
Program Size: Code=1340 RO-data=32 RW-data=12 ZI-data=1260  
FromELF: creating hex file...
".\SPI.axf" - 0 Errors, 2 Warning(s).
Build target 'Target 1'
compiling spi.c...
linking...
Program Size: Code=1340 RO-data=32 RW-data=12 ZI-data=1260  
FromELF: creating hex file...
".\SPI.axf" - 0 Errors, 0 Warning(s).
Build target 'Target 1'
compiling main.c...
main.c(34): warning:  #111-D: statement is unreachable
linking...
Program Size: Code=1340 RO-data=32 RW-data=12 ZI-data=1260  
FromELF: creating hex file...
".\SPI.axf" - 0 Errors, 1 Warning(s).
Rebuild target 'Target 1'
assembling Startup.s...
compiling keyboard.c...
compiling led.c...
compiling main.c...
main.c(34): warning:  #111-D: statement is unreachable
compiling spi.c...
compiling timer_interrupts.c...
linking...
Program Size: Code=1340 RO-data=32 RW-data=12 ZI-data=1260  
FromELF: creating hex file...
".\SPI.axf" - 0 Errors, 1 Warning(s).
Build target 'Target 1'
compiling spi.c...
spi.c(43): error:  #65: expected a ";"
".\SPI.axf" - 1 Errors, 0 Warning(s).
Target not created
Build target 'Target 1'
compiling spi.c...
spi.c(43): error:  #65: expected a ";"
".\SPI.axf" - 1 Errors, 0 Warning(s).
Target not created
Build target 'Target 1'
compiling spi.c...
linking...
Program Size: Code=1340 RO-data=32 RW-data=12 ZI-data=1260  
FromELF: creating hex file...
".\SPI.axf" - 0 Errors, 0 Warning(s).
Build target 'Target 1'
linking...
Program Size: Code=1340 RO-data=32 RW-data=12 ZI-data=1260  
FromELF: creating hex file...
".\SPI.axf" - 0 Errors, 0 Warning(s).
Build target 'Target 1'
compiling spi.c...
linking...
Program Size: Code=1292 RO-data=32 RW-data=12 ZI-data=1260  
FromELF: creating hex file...
".\SPI.axf" - 0 Errors, 0 Warning(s).
