<html>
<body>
<pre>
<h1>µVision Build Log</h1>
<h2>Project:</h2>
H:\Users\student\Desktop\LukaszUszkoARMPopr\PRZERWANIA\PRZERWANIA.uvproj
Project File Date:  11/04/2013

<h2>Output:</h2>
Build target 'Target 1'
assembling Startup.s...
compiling keyboard.c...
compiling led.c...
compiling main.c...
main.c(54): warning:  #1-D: last line of file ends without a newline
linking...
Program Size: Code=1268 RO-data=32 RW-data=4 ZI-data=1260  
FromELF: creating hex file...
".\PRZERWANIA.axf" - 0 Errors, 1 Warning(s).
Build target 'Target 1'
compiling keyboard.c...
compiling led.c...
compiling main.c...
main.c(54): warning:  #1-D: last line of file ends without a newline
linking...
Program Size: Code=1268 RO-data=32 RW-data=4 ZI-data=1260  
FromELF: creating hex file...
".\PRZERWANIA.axf" - 0 Errors, 1 Warning(s).
Build target 'Target 1'
compiling main.c...
main.c(54): warning:  #1-D: last line of file ends without a newline
linking...
Program Size: Code=1272 RO-data=32 RW-data=4 ZI-data=1260  
FromELF: creating hex file...
".\PRZERWANIA.axf" - 0 Errors, 1 Warning(s).
Build target 'Target 1'
compiling main.c...
main.c(54): warning:  #1-D: last line of file ends without a newline
linking...
Program Size: Code=1272 RO-data=32 RW-data=4 ZI-data=1260  
FromELF: creating hex file...
".\PRZERWANIA.axf" - 0 Errors, 1 Warning(s).
Build target 'Target 1'
compiling main.c...
main.c(54): warning:  #1-D: last line of file ends without a newline
linking...
Program Size: Code=1272 RO-data=32 RW-data=4 ZI-data=1260  
FromELF: creating hex file...
".\PRZERWANIA.axf" - 0 Errors, 1 Warning(s).
Build target 'Target 1'
compiling main.c...
main.c(55): warning:  #1-D: last line of file ends without a newline
linking...
Program Size: Code=1276 RO-data=32 RW-data=4 ZI-data=1260  
FromELF: creating hex file...
".\PRZERWANIA.axf" - 0 Errors, 1 Warning(s).
Build target 'Target 1'
compiling main.c...
main.c(55): warning:  #1-D: last line of file ends without a newline
linking...
Program Size: Code=1276 RO-data=32 RW-data=4 ZI-data=1260  
FromELF: creating hex file...
".\PRZERWANIA.axf" - 0 Errors, 1 Warning(s).
Build target 'Target 1'
compiling main.c...
main.c(57): warning:  #1-D: last line of file ends without a newline
linking...
Program Size: Code=1308 RO-data=32 RW-data=8 ZI-data=1256  
FromELF: creating hex file...
".\PRZERWANIA.axf" - 0 Errors, 1 Warning(s).
Build target 'Target 1'
compiling main.c...
main.c(57): warning:  #1-D: last line of file ends without a newline
linking...
Program Size: Code=1308 RO-data=32 RW-data=8 ZI-data=1256  
FromELF: creating hex file...
".\PRZERWANIA.axf" - 0 Errors, 1 Warning(s).
Build target 'Target 1'
compiling main.c...
main.c(57): warning:  #1-D: last line of file ends without a newline
compiling timer_interrupts.c...
linking...
Program Size: Code=1308 RO-data=32 RW-data=8 ZI-data=1256  
FromELF: creating hex file...
".\PRZERWANIA.axf" - 0 Errors, 1 Warning(s).
compiling timer_interrupts.c...
timer_interrupts.c(48): warning:  #1-D: last line of file ends without a newline
"timer_interrupts.c" - 0 Errors, 1 Warning(s).
compiling timer_interrupts.c...
timer_interrupts.c(48): warning:  #1-D: last line of file ends without a newline
"timer_interrupts.c" - 0 Errors, 1 Warning(s).
Build target 'Target 1'
compiling main.c...
timer_interrupts.h(1): warning:  #1-D: last line of file ends without a newline
main.c(11): warning:  #1-D: last line of file ends without a newline
compiling timer_interrupts.c...
timer_interrupts.h(1): warning:  #1-D: last line of file ends without a newline
timer_interrupts.c(49): warning:  #1-D: last line of file ends without a newline
linking...
Program Size: Code=1308 RO-data=32 RW-data=8 ZI-data=1256  
FromELF: creating hex file...
".\PRZERWANIA.axf" - 0 Errors, 4 Warning(s).
Build target 'Target 1'
compiling main.c...
main.c(11): warning:  #1-D: last line of file ends without a newline
compiling timer_interrupts.c...
linking...
Program Size: Code=1308 RO-data=32 RW-data=8 ZI-data=1256  
FromELF: creating hex file...
".\PRZERWANIA.axf" - 0 Errors, 1 Warning(s).
Build target 'Target 1'
compiling main.c...
linking...
Program Size: Code=1308 RO-data=32 RW-data=8 ZI-data=1256  
FromELF: creating hex file...
".\PRZERWANIA.axf" - 0 Errors, 0 Warning(s).
Build target 'Target 1'
compiling main.c...
compiling timer_interrupts.c...
linking...
Program Size: Code=1308 RO-data=32 RW-data=8 ZI-data=1256  
FromELF: creating hex file...
".\PRZERWANIA.axf" - 0 Errors, 0 Warning(s).
Build target 'Target 1'
compiling main.c...
main.c(71): warning:  #1-D: last line of file ends without a newline
linking...
Program Size: Code=1636 RO-data=32 RW-data=8 ZI-data=1256  
FromELF: creating hex file...
".\PRZERWANIA.axf" - 0 Errors, 1 Warning(s).
Build target 'Target 1'
compiling main.c...
linking...
Program Size: Code=1636 RO-data=32 RW-data=8 ZI-data=1256  
FromELF: creating hex file...
".\PRZERWANIA.axf" - 0 Errors, 0 Warning(s).
Build target 'Target 1'
compiling main.c...
linking...
Program Size: Code=1640 RO-data=32 RW-data=8 ZI-data=1256  
FromELF: creating hex file...
".\PRZERWANIA.axf" - 0 Errors, 0 Warning(s).
Build target 'Target 1'
compiling led.c...
led.c(11): error:  #101: "LEFT" has already been declared in the current scope
led.c(11): error:  #101: "RIGHT" has already been declared in the current scope
compiling main.c...
compiling timer_interrupts.c...
".\PRZERWANIA.axf" - 2 Errors, 0 Warning(s).
Target not created
Build target 'Target 1'
compiling led.c...
compiling main.c...
main.c(5): error:  #20: identifier "STOP" is undefined
main.c(26): error:  #20: identifier "LEFT" is undefined
main.c(30): error:  #20: identifier "RIGHT" is undefined
main.c(35): error:  #20: identifier "RIGHT" is undefined
main.c(39): error:  #20: identifier "IDLE" is undefined
main.c(44): error:  #20: identifier "LEFT" is undefined
main.c(48): error:  #20: identifier "IDLE" is undefined
main.c(54): error:  #20: identifier "IDLE" is undefined
compiling timer_interrupts.c...
".\PRZERWANIA.axf" - 8 Errors, 0 Warning(s).
Target not created
Build target 'Target 1'
compiling main.c...
main.c(5): error:  #20: identifier "STOP" is undefined
".\PRZERWANIA.axf" - 1 Errors, 0 Warning(s).
Target not created
Build target 'Target 1'
compiling main.c...
linking...
Program Size: Code=1712 RO-data=32 RW-data=8 ZI-data=1256  
FromELF: creating hex file...
".\PRZERWANIA.axf" - 0 Errors, 0 Warning(s).
compiling timer_interrupts.c...
"timer_interrupts.c" - 0 Errors, 0 Warning(s).
Build target 'Target 1'
compiling main.c...
linking...
Program Size: Code=1712 RO-data=32 RW-data=8 ZI-data=1256  
FromELF: creating hex file...
".\PRZERWANIA.axf" - 0 Errors, 0 Warning(s).
Build target 'Target 1'
compiling timer_interrupts.c...
timer_interrupts.c(36): error:  #20: identifier "VICVectCntl" is undefined
".\PRZERWANIA.axf" - 1 Errors, 0 Warning(s).
Target not created
Build target 'Target 1'
compiling timer_interrupts.c...
linking...
Program Size: Code=1712 RO-data=32 RW-data=8 ZI-data=1256  
FromELF: creating hex file...
".\PRZERWANIA.axf" - 0 Errors, 0 Warning(s).
Build target 'Target 1'
compiling main.c...
compiling timer_interrupts.c...
linking...
Program Size: Code=1860 RO-data=32 RW-data=12 ZI-data=1260  
FromELF: creating hex file...
".\PRZERWANIA.axf" - 0 Errors, 0 Warning(s).
