<html>
<body>
<pre>
<h1>µVision Build Log</h1>
<h2>Project:</h2>
C:\Users\lukasz\Desktop\AGH\7_SEMESTR\ARMY\LukaszUszkoARMCurrent\SERIAL_INTERFACES\I2C_Advanced\I2C.uvproj
Project File Date:  11/13/2014

<h2>Output:</h2>
Build target 'Target 1'
compiling i2c.c...
i2c.c(100): warning:  #1-D: last line of file ends without a newline
linking...
Program Size: Code=3708 RO-data=32 RW-data=64 ZI-data=1480  
FromELF: creating hex file...
".\I2C.axf" - 0 Errors, 1 Warning(s).
Rebuild target 'Target 1'
assembling Startup.s...
compiling command_decoder.c...
compiling dacMcp4921.c...
compiling keyboard.c...
compiling led.c...
compiling main.c...
main.c(50): warning:  #111-D: statement is unreachable
compiling mcp23S09.c...
compiling spi.c...
compiling string.c...
compiling timer_interrupts.c...
compiling uart.c...
compiling i2c.c...
i2c.c(100): warning:  #1-D: last line of file ends without a newline
linking...
Program Size: Code=3708 RO-data=32 RW-data=64 ZI-data=1480  
FromELF: creating hex file...
".\I2C.axf" - 0 Errors, 2 Warning(s).
Build target 'Target 1'
compiling dacMcp4921.c...
compiling main.c...
main.c(41): warning:  #111-D: statement is unreachable
compiling mcp23S09.c...
compiling spi.c...
linking...
Program Size: Code=3708 RO-data=32 RW-data=64 ZI-data=1480  
FromELF: creating hex file...
".\I2C.axf" - 0 Errors, 1 Warning(s).
Build target 'Target 1'
compiling pcf8574.c...
linking...
Program Size: Code=3708 RO-data=32 RW-data=64 ZI-data=1480  
FromELF: creating hex file...
".\I2C.axf" - 0 Errors, 0 Warning(s).
Build target 'Target 1'
compiling pcf8574.c...
pcf8574.h(7): warning:  #1-D: last line of file ends without a newline
pcf8574.c(41): warning:  #1-D: last line of file ends without a newline
pcf8574.c(5): warning:  #177-D: variable "i2cParams" was declared but never referenced
pcf8574.c(5): error:  #235: variable "i2cParams" was declared with a never-completed type
".\I2C.axf" - 1 Errors, 3 Warning(s).
Target not created
Build target 'Target 1'
compiling pcf8574.c...
pcf8574.h(7): warning:  #1-D: last line of file ends without a newline
pcf8574.c(18): error:  #70: incomplete type is not allowed
pcf8574.c(19): warning:  #223-D: function "I2C_ExecuteTransaction" declared implicitly
pcf8574.c(19): error:  #70: incomplete type is not allowed
pcf8574.c(42): warning:  #1-D: last line of file ends without a newline
pcf8574.c(5): error:  #235: variable "i2cParams" was declared with a never-completed type
".\I2C.axf" - 3 Errors, 3 Warning(s).
Target not created
Build target 'Target 1'
compiling i2c.c...
i2c.c(90): warning:  #231-D: declaration is not visible outside of function
i2c.c(90): error:  #70: incomplete type is not allowed
i2c.c(107): warning:  #1-D: last line of file ends without a newline
compiling pcf8574.c...
pcf8574.h(7): warning:  #1-D: last line of file ends without a newline
pcf8574.c(18): error:  #70: incomplete type is not allowed
pcf8574.c(19): warning:  #223-D: function "I2C_ExecuteTransaction" declared implicitly
pcf8574.c(19): error:  #70: incomplete type is not allowed
pcf8574.c(42): warning:  #1-D: last line of file ends without a newline
pcf8574.c(5): error:  #235: variable "i2cParams" was declared with a never-completed type
".\I2C.axf" - 4 Errors, 5 Warning(s).
Target not created
Build target 'Target 1'
compiling i2c.c...
i2c.c(90): warning:  #231-D: declaration is not visible outside of function
i2c.c(90): error:  #70: incomplete type is not allowed
i2c.c(107): warning:  #1-D: last line of file ends without a newline
compiling pcf8574.c...
pcf8574.h(7): warning:  #1-D: last line of file ends without a newline
pcf8574.c(18): error:  #70: incomplete type is not allowed
pcf8574.c(19): warning:  #223-D: function "I2C_ExecuteTransaction" declared implicitly
pcf8574.c(19): error:  #70: incomplete type is not allowed
pcf8574.c(42): warning:  #1-D: last line of file ends without a newline
pcf8574.c(5): error:  #235: variable "i2cParams" was declared with a never-completed type
".\I2C.axf" - 4 Errors, 5 Warning(s).
Target not created
Rebuild target 'Target 1'
assembling Startup.s...
compiling command_decoder.c...
compiling dacMcp4921.c...
compiling keyboard.c...
compiling led.c...
compiling main.c...
main.c(41): warning:  #111-D: statement is unreachable
compiling mcp23S09.c...
compiling spi.c...
compiling string.c...
compiling timer_interrupts.c...
compiling uart.c...
compiling i2c.c...
i2c.c(90): warning:  #231-D: declaration is not visible outside of function
i2c.c(90): error:  #70: incomplete type is not allowed
i2c.c(107): warning:  #1-D: last line of file ends without a newline
compiling pcf8574.c...
pcf8574.h(7): warning:  #1-D: last line of file ends without a newline
pcf8574.c(18): error:  #70: incomplete type is not allowed
pcf8574.c(19): warning:  #223-D: function "I2C_ExecuteTransaction" declared implicitly
pcf8574.c(19): error:  #70: incomplete type is not allowed
pcf8574.c(42): warning:  #1-D: last line of file ends without a newline
pcf8574.c(5): error:  #235: variable "i2cParams" was declared with a never-completed type
".\I2C.axf" - 4 Errors, 6 Warning(s).
Target not created
Rebuild target 'Target 1'
assembling Startup.s...
compiling command_decoder.c...
compiling dacMcp4921.c...
compiling keyboard.c...
compiling led.c...
compiling main.c...
main.c(41): warning:  #111-D: statement is unreachable
compiling mcp23S09.c...
compiling spi.c...
compiling string.c...
compiling timer_interrupts.c...
compiling uart.c...
compiling i2c.c...
i2c.c(90): warning:  #231-D: declaration is not visible outside of function
i2c.c(90): error:  #70: incomplete type is not allowed
i2c.c(107): warning:  #1-D: last line of file ends without a newline
compiling pcf8574.c...
pcf8574.h(7): warning:  #1-D: last line of file ends without a newline
pcf8574.c(21): error:  #70: incomplete type is not allowed
pcf8574.c(22): error:  #70: incomplete type is not allowed
pcf8574.c(23): error:  #70: incomplete type is not allowed
pcf8574.c(24): error:  #70: incomplete type is not allowed
pcf8574.c(25): error:  #70: incomplete type is not allowed
pcf8574.c(26): error:  #70: incomplete type is not allowed
pcf8574.c(27): warning:  #223-D: function "I2C_ExecuteTransaction" declared implicitly
pcf8574.c(27): error:  #70: incomplete type is not allowed
pcf8574.c(42): warning:  #1-D: last line of file ends without a newline
pcf8574.c(6): error:  #235: variable "i2cParams" was declared with a never-completed type
".\I2C.axf" - 9 Errors, 6 Warning(s).
Target not created
Build target 'Target 1'
compiling i2c.c...
i2c.c(90): warning:  #231-D: declaration is not visible outside of function
i2c.c(90): error:  #70: incomplete type is not allowed
i2c.c(107): warning:  #1-D: last line of file ends without a newline
compiling pcf8574.c...
pcf8574.h(7): warning:  #1-D: last line of file ends without a newline
pcf8574.c(21): error:  #70: incomplete type is not allowed
pcf8574.c(21): error:  #20: identifier "TX" is undefined
pcf8574.c(22): error:  #70: incomplete type is not allowed
pcf8574.c(23): error:  #70: incomplete type is not allowed
pcf8574.c(24): error:  #70: incomplete type is not allowed
pcf8574.c(25): error:  #70: incomplete type is not allowed
pcf8574.c(26): error:  #70: incomplete type is not allowed
pcf8574.c(27): error:  #70: incomplete type is not allowed
pcf8574.c(28): warning:  #223-D: function "I2C_ExecuteTransaction" declared implicitly
pcf8574.c(28): error:  #70: incomplete type is not allowed
pcf8574.c(43): warning:  #1-D: last line of file ends without a newline
pcf8574.c(6): error:  #235: variable "i2cParams" was declared with a never-completed type
".\I2C.axf" - 11 Errors, 5 Warning(s).
Target not created
Rebuild target 'Target 1'
assembling Startup.s...
compiling command_decoder.c...
compiling dacMcp4921.c...
compiling keyboard.c...
compiling led.c...
compiling main.c...
main.c(41): warning:  #111-D: statement is unreachable
compiling mcp23S09.c...
compiling spi.c...
compiling string.c...
compiling timer_interrupts.c...
compiling uart.c...
compiling i2c.c...
i2c.c(90): warning:  #231-D: declaration is not visible outside of function
i2c.c(90): error:  #70: incomplete type is not allowed
i2c.c(107): warning:  #1-D: last line of file ends without a newline
compiling pcf8574.c...
pcf8574.h(7): warning:  #1-D: last line of file ends without a newline
pcf8574.c(21): error:  #70: incomplete type is not allowed
pcf8574.c(21): error:  #20: identifier "TX" is undefined
pcf8574.c(22): error:  #70: incomplete type is not allowed
pcf8574.c(23): error:  #70: incomplete type is not allowed
pcf8574.c(24): error:  #70: incomplete type is not allowed
pcf8574.c(25): error:  #70: incomplete type is not allowed
pcf8574.c(26): error:  #70: incomplete type is not allowed
pcf8574.c(27): error:  #70: incomplete type is not allowed
pcf8574.c(28): warning:  #223-D: function "I2C_ExecuteTransaction" declared implicitly
pcf8574.c(28): error:  #70: incomplete type is not allowed
pcf8574.c(43): warning:  #1-D: last line of file ends without a newline
pcf8574.c(6): error:  #235: variable "i2cParams" was declared with a never-completed type
".\I2C.axf" - 11 Errors, 6 Warning(s).
Target not created
Rebuild target 'Target 1'
assembling Startup.s...
compiling command_decoder.c...
compiling dacMcp4921.c...
compiling keyboard.c...
compiling led.c...
compiling main.c...
main.c(41): warning:  #111-D: statement is unreachable
compiling mcp23S09.c...
compiling spi.c...
compiling string.c...
compiling timer_interrupts.c...
compiling uart.c...
compiling i2c.c...
i2c.c(90): warning:  #231-D: declaration is not visible outside of function
i2c.c(90): error:  #70: incomplete type is not allowed
i2c.c(107): warning:  #1-D: last line of file ends without a newline
compiling pcf8574.c...
pcf8574.h(7): warning:  #1-D: last line of file ends without a newline
pcf8574.c(21): error:  #70: incomplete type is not allowed
pcf8574.c(21): error:  #20: identifier "TX" is undefined
pcf8574.c(22): error:  #70: incomplete type is not allowed
pcf8574.c(23): error:  #70: incomplete type is not allowed
pcf8574.c(24): error:  #70: incomplete type is not allowed
pcf8574.c(25): error:  #70: incomplete type is not allowed
pcf8574.c(26): error:  #70: incomplete type is not allowed
pcf8574.c(27): error:  #70: incomplete type is not allowed
pcf8574.c(28): warning:  #223-D: function "I2C_ExecuteTransaction" declared implicitly
pcf8574.c(28): error:  #70: incomplete type is not allowed
pcf8574.c(43): warning:  #1-D: last line of file ends without a newline
pcf8574.c(6): error:  #235: variable "i2cParams" was declared with a never-completed type
".\I2C.axf" - 11 Errors, 6 Warning(s).
Target not created
Build target 'Target 1'
compiling i2c.c...
i2c.c(90): warning:  #231-D: declaration is not visible outside of function
i2c.c(90): error:  #70: incomplete type is not allowed
i2c.c(107): warning:  #1-D: last line of file ends without a newline
compiling pcf8574.c...
pcf8574.h(7): warning:  #1-D: last line of file ends without a newline
pcf8574.c(23): error:  #70: incomplete type is not allowed
pcf8574.c(23): error:  #20: identifier "TX" is undefined
pcf8574.c(24): error:  #70: incomplete type is not allowed
pcf8574.c(25): error:  #70: incomplete type is not allowed
pcf8574.c(26): error:  #70: incomplete type is not allowed
pcf8574.c(27): error:  #70: incomplete type is not allowed
pcf8574.c(28): error:  #70: incomplete type is not allowed
pcf8574.c(29): error:  #70: incomplete type is not allowed
pcf8574.c(30): warning:  #223-D: function "I2C_ExecuteTransaction" declared implicitly
pcf8574.c(30): error:  #70: incomplete type is not allowed
pcf8574.c(45): warning:  #1-D: last line of file ends without a newline
pcf8574.c(7): error:  #235: variable "i2cParams" was declared with a never-completed type
pcf8574.c(8): warning:  #177-D: variable "spiFrameParams" was declared but never referenced
".\I2C.axf" - 11 Errors, 6 Warning(s).
Target not created
Build target 'Target 1'
compiling i2c.c...
i2c.c(90): warning:  #231-D: declaration is not visible outside of function
i2c.c(90): error:  #70: incomplete type is not allowed
i2c.c(109): warning:  #1-D: last line of file ends without a newline
compiling pcf8574.c...
pcf8574.h(7): warning:  #1-D: last line of file ends without a newline
pcf8574.c(23): error:  #70: incomplete type is not allowed
pcf8574.c(23): error:  #20: identifier "TX" is undefined
pcf8574.c(24): error:  #70: incomplete type is not allowed
pcf8574.c(25): error:  #70: incomplete type is not allowed
pcf8574.c(26): error:  #70: incomplete type is not allowed
pcf8574.c(27): error:  #70: incomplete type is not allowed
pcf8574.c(28): error:  #70: incomplete type is not allowed
pcf8574.c(29): error:  #70: incomplete type is not allowed
pcf8574.c(30): warning:  #223-D: function "I2C_ExecuteTransaction" declared implicitly
pcf8574.c(30): error:  #70: incomplete type is not allowed
pcf8574.c(45): warning:  #1-D: last line of file ends without a newline
pcf8574.c(7): error:  #235: variable "i2cParams" was declared with a never-completed type
pcf8574.c(8): warning:  #177-D: variable "spiFrameParams" was declared but never referenced
".\I2C.axf" - 11 Errors, 6 Warning(s).
Target not created
Build target 'Target 1'
compiling i2c.c...
i2c.c(90): warning:  #231-D: declaration is not visible outside of function
i2c.c(90): error:  #70: incomplete type is not allowed
i2c.c(109): warning:  #1-D: last line of file ends without a newline
compiling pcf8574.c...
pcf8574.h(7): warning:  #1-D: last line of file ends without a newline
pcf8574.c(23): error:  #70: incomplete type is not allowed
pcf8574.c(23): error:  #20: identifier "TX" is undefined
pcf8574.c(24): error:  #70: incomplete type is not allowed
pcf8574.c(25): error:  #70: incomplete type is not allowed
pcf8574.c(26): error:  #70: incomplete type is not allowed
pcf8574.c(27): error:  #70: incomplete type is not allowed
pcf8574.c(28): error:  #70: incomplete type is not allowed
pcf8574.c(29): error:  #70: incomplete type is not allowed
pcf8574.c(30): warning:  #223-D: function "I2C_ExecuteTransaction" declared implicitly
pcf8574.c(30): error:  #70: incomplete type is not allowed
pcf8574.c(45): warning:  #1-D: last line of file ends without a newline
pcf8574.c(7): error:  #235: variable "i2cParams" was declared with a never-completed type
pcf8574.c(8): warning:  #177-D: variable "spiFrameParams" was declared but never referenced
".\I2C.axf" - 11 Errors, 6 Warning(s).
Target not created
Build target 'Target 1'
compiling i2c.c...
i2c.c(90): warning:  #231-D: declaration is not visible outside of function
i2c.c(90): error:  #70: incomplete type is not allowed
i2c.c(109): warning:  #1-D: last line of file ends without a newline
compiling pcf8574.c...
pcf8574.h(7): warning:  #1-D: last line of file ends without a newline
pcf8574.c(23): error:  #70: incomplete type is not allowed
pcf8574.c(23): error:  #20: identifier "TX" is undefined
pcf8574.c(24): error:  #70: incomplete type is not allowed
pcf8574.c(25): error:  #70: incomplete type is not allowed
pcf8574.c(26): error:  #70: incomplete type is not allowed
pcf8574.c(27): error:  #70: incomplete type is not allowed
pcf8574.c(28): error:  #70: incomplete type is not allowed
pcf8574.c(29): error:  #70: incomplete type is not allowed
pcf8574.c(30): warning:  #223-D: function "I2C_ExecuteTransaction" declared implicitly
pcf8574.c(30): error:  #70: incomplete type is not allowed
pcf8574.c(45): warning:  #1-D: last line of file ends without a newline
pcf8574.c(7): error:  #235: variable "i2cParams" was declared with a never-completed type
pcf8574.c(8): warning:  #177-D: variable "spiFrameParams" was declared but never referenced
".\I2C.axf" - 11 Errors, 6 Warning(s).
Target not created
Build target 'Target 1'
compiling i2c.c...
i2c.c(90): warning:  #231-D: declaration is not visible outside of function
i2c.c(90): error:  #70: incomplete type is not allowed
i2c.c(109): warning:  #1-D: last line of file ends without a newline
compiling pcf8574.c...
pcf8574.h(7): warning:  #1-D: last line of file ends without a newline
pcf8574.c(23): error:  #20: identifier "i2cParams" is undefined
pcf8574.c(23): error:  #20: identifier "TX" is undefined
pcf8574.c(30): warning:  #223-D: function "I2C_ExecuteTransaction" declared implicitly
pcf8574.c(45): warning:  #1-D: last line of file ends without a newline
pcf8574.c(7): error:  #235: variable "I2cParams" was declared with a never-completed type
pcf8574.c(8): warning:  #177-D: variable "spiFrameParams" was declared but never referenced
".\I2C.axf" - 4 Errors, 6 Warning(s).
Target not created
Build target 'Target 1'
compiling i2c.c...
i2c.c(90): warning:  #231-D: declaration is not visible outside of function
i2c.c(90): error:  #70: incomplete type is not allowed
i2c.c(109): warning:  #1-D: last line of file ends without a newline
compiling pcf8574.c...
pcf8574.h(7): warning:  #1-D: last line of file ends without a newline
pcf8574.c(23): error:  #70: incomplete type is not allowed
pcf8574.c(23): error:  #20: identifier "TX" is undefined
pcf8574.c(24): error:  #70: incomplete type is not allowed
pcf8574.c(25): error:  #70: incomplete type is not allowed
pcf8574.c(26): error:  #70: incomplete type is not allowed
pcf8574.c(27): error:  #70: incomplete type is not allowed
pcf8574.c(28): error:  #70: incomplete type is not allowed
pcf8574.c(29): error:  #70: incomplete type is not allowed
pcf8574.c(30): warning:  #223-D: function "I2C_ExecuteTransaction" declared implicitly
pcf8574.c(30): error:  #70: incomplete type is not allowed
pcf8574.c(45): warning:  #1-D: last line of file ends without a newline
pcf8574.c(7): error:  #235: variable "i2cParams" was declared with a never-completed type
pcf8574.c(8): warning:  #177-D: variable "spiFrameParams" was declared but never referenced
".\I2C.axf" - 11 Errors, 6 Warning(s).
Target not created
Build target 'Target 1'
compiling i2c.c...
i2c.c(90): warning:  #231-D: declaration is not visible outside of function
i2c.c(90): error:  #70: incomplete type is not allowed
i2c.c(109): warning:  #1-D: last line of file ends without a newline
compiling pcf8574.c...
pcf8574.h(7): warning:  #1-D: last line of file ends without a newline
pcf8574.c(23): error:  #70: incomplete type is not allowed
pcf8574.c(23): error:  #20: identifier "TX" is undefined
pcf8574.c(24): error:  #70: incomplete type is not allowed
pcf8574.c(25): error:  #70: incomplete type is not allowed
pcf8574.c(26): error:  #70: incomplete type is not allowed
pcf8574.c(27): error:  #70: incomplete type is not allowed
pcf8574.c(28): error:  #70: incomplete type is not allowed
pcf8574.c(29): error:  #70: incomplete type is not allowed
pcf8574.c(30): warning:  #223-D: function "I2C_ExecuteTransaction" declared implicitly
pcf8574.c(30): error:  #70: incomplete type is not allowed
pcf8574.c(45): warning:  #1-D: last line of file ends without a newline
pcf8574.c(7): error:  #235: variable "i2cParams" was declared with a never-completed type
pcf8574.c(8): warning:  #177-D: variable "spiFrameParams" was declared but never referenced
".\I2C.axf" - 11 Errors, 6 Warning(s).
Target not created
Build target 'Target 1'
compiling i2c.c...
i2c.c(90): warning:  #231-D: declaration is not visible outside of function
i2c.c(90): error:  #70: incomplete type is not allowed
i2c.c(109): warning:  #1-D: last line of file ends without a newline
compiling pcf8574.c...
pcf8574.h(7): warning:  #1-D: last line of file ends without a newline
pcf8574.c(46): warning:  #1-D: last line of file ends without a newline
pcf8574.c(7): warning:  #177-D: variable "i2cParams" was declared but never referenced
pcf8574.c(7): error:  #235: variable "i2cParams" was declared with a never-completed type
pcf8574.c(8): warning:  #177-D: variable "spiFrameParams" was declared but never referenced
pcf8574.c(9): warning:  #177-D: variable "txBuf" was declared but never referenced
pcf8574.c(10): warning:  #177-D: variable "rxBuf" was declared but never referenced
".\I2C.axf" - 2 Errors, 8 Warning(s).
Target not created
Build target 'Target 1'
compiling i2c.c...
i2c.c(109): warning:  #1-D: last line of file ends without a newline
compiling pcf8574.c...
pcf8574.h(7): warning:  #1-D: last line of file ends without a newline
pcf8574.c(46): warning:  #1-D: last line of file ends without a newline
pcf8574.c(7): warning:  #177-D: variable "i2cParams" was declared but never referenced
pcf8574.c(7): error:  #235: variable "i2cParams" was declared with a never-completed type
pcf8574.c(8): warning:  #177-D: variable "spiFrameParams" was declared but never referenced
pcf8574.c(9): warning:  #177-D: variable "txBuf" was declared but never referenced
pcf8574.c(10): warning:  #177-D: variable "rxBuf" was declared but never referenced
".\I2C.axf" - 1 Errors, 7 Warning(s).
Target not created
Build target 'Target 1'
compiling pcf8574.c...
pcf8574.h(7): warning:  #1-D: last line of file ends without a newline
pcf8574.c(46): warning:  #1-D: last line of file ends without a newline
pcf8574.c(8): warning:  #177-D: variable "spiFrameParams" was declared but never referenced
pcf8574.c(9): warning:  #177-D: variable "txBuf" was declared but never referenced
pcf8574.c(10): warning:  #177-D: variable "rxBuf" was declared but never referenced
linking...
Program Size: Code=3668 RO-data=32 RW-data=64 ZI-data=1480  
FromELF: creating hex file...
".\I2C.axf" - 0 Errors, 5 Warning(s).
Build target 'Target 1'
compiling pcf8574.c...
pcf8574.h(7): warning:  #1-D: last line of file ends without a newline
pcf8574.c(46): warning:  #1-D: last line of file ends without a newline
pcf8574.c(8): warning:  #177-D: variable "spiFrameParams" was declared but never referenced
pcf8574.c(9): warning:  #177-D: variable "txBuf" was declared but never referenced
pcf8574.c(10): warning:  #177-D: variable "rxBuf" was declared but never referenced
linking...
Program Size: Code=3668 RO-data=32 RW-data=64 ZI-data=1480  
FromELF: creating hex file...
".\I2C.axf" - 0 Errors, 5 Warning(s).
Build target 'Target 1'
linking...
Program Size: Code=3668 RO-data=32 RW-data=64 ZI-data=1480  
FromELF: creating hex file...
".\I2C.axf" - 0 Errors, 0 Warning(s).
Build target 'Target 1'
linking...
Program Size: Code=3668 RO-data=32 RW-data=64 ZI-data=1480  
FromELF: creating hex file...
".\I2C.axf" - 0 Errors, 0 Warning(s).
Rebuild target 'Target 1'
assembling Startup.s...
compiling command_decoder.c...
compiling dacMcp4921.c...
compiling keyboard.c...
compiling led.c...
compiling main.c...
main.c(41): warning:  #111-D: statement is unreachable
compiling mcp23S09.c...
compiling spi.c...
compiling string.c...
compiling timer_interrupts.c...
compiling uart.c...
compiling i2c.c...
i2c.c(109): warning:  #1-D: last line of file ends without a newline
compiling pcf8574.c...
pcf8574.h(7): warning:  #1-D: last line of file ends without a newline
pcf8574.c(46): warning:  #1-D: last line of file ends without a newline
pcf8574.c(8): warning:  #177-D: variable "spiFrameParams" was declared but never referenced
pcf8574.c(9): warning:  #177-D: variable "txBuf" was declared but never referenced
pcf8574.c(10): warning:  #177-D: variable "rxBuf" was declared but never referenced
linking...
Program Size: Code=3668 RO-data=32 RW-data=64 ZI-data=1480  
FromELF: creating hex file...
".\I2C.axf" - 0 Errors, 7 Warning(s).
Build target 'Target 1'
compiling i2c.c...
i2c.c(90): warning:  #231-D: declaration is not visible outside of function
i2c.c(90): error:  #70: incomplete type is not allowed
i2c.c(109): warning:  #1-D: last line of file ends without a newline
".\I2C.axf" - 1 Errors, 2 Warning(s).
Target not created
Build target 'Target 1'
compiling i2c.c...
i2c.c(90): warning:  #231-D: declaration is not visible outside of function
i2c.c(90): error:  #70: incomplete type is not allowed
i2c.c(109): warning:  #1-D: last line of file ends without a newline
".\I2C.axf" - 1 Errors, 2 Warning(s).
Target not created
Rebuild target 'Target 1'
assembling Startup.s...
compiling command_decoder.c...
compiling dacMcp4921.c...
compiling keyboard.c...
compiling led.c...
compiling main.c...
main.c(41): warning:  #111-D: statement is unreachable
compiling mcp23S09.c...
compiling spi.c...
compiling string.c...
compiling timer_interrupts.c...
compiling uart.c...
compiling i2c.c...
i2c.c(90): warning:  #231-D: declaration is not visible outside of function
i2c.c(90): error:  #70: incomplete type is not allowed
i2c.c(109): warning:  #1-D: last line of file ends without a newline
compiling pcf8574.c...
pcf8574.h(7): warning:  #1-D: last line of file ends without a newline
pcf8574.c(46): warning:  #1-D: last line of file ends without a newline
pcf8574.c(8): warning:  #177-D: variable "spiFrameParams" was declared but never referenced
pcf8574.c(9): warning:  #177-D: variable "txBuf" was declared but never referenced
pcf8574.c(10): warning:  #177-D: variable "rxBuf" was declared but never referenced
".\I2C.axf" - 1 Errors, 8 Warning(s).
Target not created
Build target 'Target 1'
compiling i2c.c...
i2c.c(90): warning:  #231-D: declaration is not visible outside of function
i2c.c(90): error:  #70: incomplete type is not allowed
i2c.c(109): warning:  #1-D: last line of file ends without a newline
".\I2C.axf" - 1 Errors, 2 Warning(s).
Target not created
Build target 'Target 1'
compiling i2c.c...
i2c.c(95): warning:  #231-D: declaration is not visible outside of function
i2c.c(95): error:  #70: incomplete type is not allowed
i2c.c(110): warning:  #1-D: last line of file ends without a newline
".\I2C.axf" - 1 Errors, 2 Warning(s).
Target not created
Build target 'Target 1'
compiling i2c.c...
i2c.c(95): warning:  #231-D: declaration is not visible outside of function
i2c.c(95): error:  #70: incomplete type is not allowed
i2c.c(96): warning:  #231-D: declaration is not visible outside of function
i2c.c(96): error:  #247: function "I2C_ExecuteTransaction2" has already been defined
i2c.c(96): error:  #70: incomplete type is not allowed
i2c.c(111): warning:  #1-D: last line of file ends without a newline
".\I2C.axf" - 3 Errors, 3 Warning(s).
Target not created
Build target 'Target 1'
compiling i2c.c...
i2c.c(96): warning:  #231-D: declaration is not visible outside of function
i2c.c(96): error:  #70: incomplete type is not allowed
i2c.c(111): warning:  #1-D: last line of file ends without a newline
".\I2C.axf" - 1 Errors, 2 Warning(s).
Target not created
Build target 'Target 1'
compiling i2c.c...
i2c.c(96): warning:  #231-D: declaration is not visible outside of function
i2c.c(96): error:  #70: incomplete type is not allowed
i2c.c(111): warning:  #1-D: last line of file ends without a newline
".\I2C.axf" - 1 Errors, 2 Warning(s).
Target not created
Build target 'Target 1'
compiling i2c.c...
i2c.c(90): warning:  #231-D: declaration is not visible outside of function
i2c.c(90): error:  #70: incomplete type is not allowed
i2c.c(109): warning:  #1-D: last line of file ends without a newline
".\I2C.axf" - 1 Errors, 2 Warning(s).
Target not created
Build target 'Target 1'
compiling main.c...
main.c(33): warning:  #223-D: function "PCF8574_Write" declared implicitly
main.c(41): warning:  #111-D: statement is unreachable
compiling i2c.c...
i2c.c(109): warning:  #1-D: last line of file ends without a newline
compiling pcf8574.c...
pcf8574.h(7): warning:  #1-D: last line of file ends without a newline
pcf8574.c(46): warning:  #1-D: last line of file ends without a newline
pcf8574.c(8): warning:  #177-D: variable "spiFrameParams" was declared but never referenced
pcf8574.c(9): warning:  #177-D: variable "txBuf" was declared but never referenced
pcf8574.c(10): warning:  #177-D: variable "rxBuf" was declared but never referenced
linking...
Program Size: Code=3672 RO-data=32 RW-data=64 ZI-data=1480  
FromELF: creating hex file...
".\I2C.axf" - 0 Errors, 8 Warning(s).
Build target 'Target 1'
compiling pcf8574.c...
pcf8574.h(7): warning:  #1-D: last line of file ends without a newline
pcf8574.c(46): warning:  #1-D: last line of file ends without a newline
pcf8574.c(8): warning:  #177-D: variable "spiFrameParams" was declared but never referenced
linking...
Program Size: Code=3776 RO-data=32 RW-data=64 ZI-data=1520  
FromELF: creating hex file...
".\I2C.axf" - 0 Errors, 3 Warning(s).
Build target 'Target 1'
compiling main.c...
main.c(33): warning:  #223-D: function "PCF8574_Write" declared implicitly
main.c(41): warning:  #111-D: statement is unreachable
compiling i2c.c...
i2c.c(109): warning:  #1-D: last line of file ends without a newline
compiling pcf8574.c...
pcf8574.h(7): warning:  #1-D: last line of file ends without a newline
pcf8574.c(46): warning:  #1-D: last line of file ends without a newline
pcf8574.c(8): warning:  #177-D: variable "spiFrameParams" was declared but never referenced
linking...
Program Size: Code=3776 RO-data=32 RW-data=64 ZI-data=1520  
FromELF: creating hex file...
".\I2C.axf" - 0 Errors, 6 Warning(s).
Build target 'Target 1'
compiling i2c.c...
compiling pcf8574.c...
pcf8574.c(45): warning:  #1-D: last line of file ends without a newline
linking...
Program Size: Code=3776 RO-data=32 RW-data=64 ZI-data=1520  
FromELF: creating hex file...
".\I2C.axf" - 0 Errors, 1 Warning(s).
Build target 'Target 1'
compiling pcf8574.c...
linking...
Program Size: Code=3776 RO-data=32 RW-data=64 ZI-data=1520  
FromELF: creating hex file...
".\I2C.axf" - 0 Errors, 0 Warning(s).
